Archive member included to satisfy reference by file (symbol)

c:/st/stm32cubeide_1.10.1/stm32cubeide/plugins/com.st.stm32cube.ide.mcu.externaltools.gnu-tools-for-stm32.10.3-2021.10.win32_1.0.0.202111181127/tools/bin/../lib/gcc/arm-none-eabi/10.3.1/../../../../arm-none-eabi/lib/thumb/v7e-m+dp/hard\libc_nano.a(lib_a-errno.o)
                              ./Core/Src/syscalls.o (__errno)
c:/st/stm32cubeide_1.10.1/stm32cubeide/plugins/com.st.stm32cube.ide.mcu.externaltools.gnu-tools-for-stm32.10.3-2021.10.win32_1.0.0.202111181127/tools/bin/../lib/gcc/arm-none-eabi/10.3.1/../../../../arm-none-eabi/lib/thumb/v7e-m+dp/hard\libc_nano.a(lib_a-exit.o)
                              c:/st/stm32cubeide_1.10.1/stm32cubeide/plugins/com.st.stm32cube.ide.mcu.externaltools.gnu-tools-for-stm32.10.3-2021.10.win32_1.0.0.202111181127/tools/bin/../lib/gcc/arm-none-eabi/10.3.1/../../../../arm-none-eabi/lib/thumb/v7e-m+dp/hard/crt0.o (exit)
c:/st/stm32cubeide_1.10.1/stm32cubeide/plugins/com.st.stm32cube.ide.mcu.externaltools.gnu-tools-for-stm32.10.3-2021.10.win32_1.0.0.202111181127/tools/bin/../lib/gcc/arm-none-eabi/10.3.1/../../../../arm-none-eabi/lib/thumb/v7e-m+dp/hard\libc_nano.a(lib_a-impure.o)
                              c:/st/stm32cubeide_1.10.1/stm32cubeide/plugins/com.st.stm32cube.ide.mcu.externaltools.gnu-tools-for-stm32.10.3-2021.10.win32_1.0.0.202111181127/tools/bin/../lib/gcc/arm-none-eabi/10.3.1/../../../../arm-none-eabi/lib/thumb/v7e-m+dp/hard\libc_nano.a(lib_a-exit.o) (_global_impure_ptr)
c:/st/stm32cubeide_1.10.1/stm32cubeide/plugins/com.st.stm32cube.ide.mcu.externaltools.gnu-tools-for-stm32.10.3-2021.10.win32_1.0.0.202111181127/tools/bin/../lib/gcc/arm-none-eabi/10.3.1/../../../../arm-none-eabi/lib/thumb/v7e-m+dp/hard\libc_nano.a(lib_a-init.o)
                              c:/st/stm32cubeide_1.10.1/stm32cubeide/plugins/com.st.stm32cube.ide.mcu.externaltools.gnu-tools-for-stm32.10.3-2021.10.win32_1.0.0.202111181127/tools/bin/../lib/gcc/arm-none-eabi/10.3.1/../../../../arm-none-eabi/lib/thumb/v7e-m+dp/hard/crt0.o (__libc_init_array)
c:/st/stm32cubeide_1.10.1/stm32cubeide/plugins/com.st.stm32cube.ide.mcu.externaltools.gnu-tools-for-stm32.10.3-2021.10.win32_1.0.0.202111181127/tools/bin/../lib/gcc/arm-none-eabi/10.3.1/../../../../arm-none-eabi/lib/thumb/v7e-m+dp/hard\libc_nano.a(lib_a-memset.o)
                              c:/st/stm32cubeide_1.10.1/stm32cubeide/plugins/com.st.stm32cube.ide.mcu.externaltools.gnu-tools-for-stm32.10.3-2021.10.win32_1.0.0.202111181127/tools/bin/../lib/gcc/arm-none-eabi/10.3.1/../../../../arm-none-eabi/lib/thumb/v7e-m+dp/hard/crt0.o (memset)
c:/st/stm32cubeide_1.10.1/stm32cubeide/plugins/com.st.stm32cube.ide.mcu.externaltools.gnu-tools-for-stm32.10.3-2021.10.win32_1.0.0.202111181127/tools/bin/../lib/gcc/arm-none-eabi/10.3.1/../../../../arm-none-eabi/lib/thumb/v7e-m+dp/hard\libc_nano.a(lib_a-nano-vfprintf_float.o)
                              (_printf_float)
c:/st/stm32cubeide_1.10.1/stm32cubeide/plugins/com.st.stm32cube.ide.mcu.externaltools.gnu-tools-for-stm32.10.3-2021.10.win32_1.0.0.202111181127/tools/bin/../lib/gcc/arm-none-eabi/10.3.1/../../../../arm-none-eabi/lib/thumb/v7e-m+dp/hard\libc_nano.a(lib_a-nano-vfprintf_i.o)
                              c:/st/stm32cubeide_1.10.1/stm32cubeide/plugins/com.st.stm32cube.ide.mcu.externaltools.gnu-tools-for-stm32.10.3-2021.10.win32_1.0.0.202111181127/tools/bin/../lib/gcc/arm-none-eabi/10.3.1/../../../../arm-none-eabi/lib/thumb/v7e-m+dp/hard\libc_nano.a(lib_a-nano-vfprintf_float.o) (_printf_common)
c:/st/stm32cubeide_1.10.1/stm32cubeide/plugins/com.st.stm32cube.ide.mcu.externaltools.gnu-tools-for-stm32.10.3-2021.10.win32_1.0.0.202111181127/tools/bin/../lib/gcc/arm-none-eabi/10.3.1/../../../../arm-none-eabi/lib/thumb/v7e-m+dp/hard\libc_nano.a(lib_a-qsort.o)
                              ./Core/Src/main.o (qsort)
c:/st/stm32cubeide_1.10.1/stm32cubeide/plugins/com.st.stm32cube.ide.mcu.externaltools.gnu-tools-for-stm32.10.3-2021.10.win32_1.0.0.202111181127/tools/bin/../lib/gcc/arm-none-eabi/10.3.1/../../../../arm-none-eabi/lib/thumb/v7e-m+dp/hard\libc_nano.a(lib_a-rand.o)
                              ./Core/Src/main.o (rand)
c:/st/stm32cubeide_1.10.1/stm32cubeide/plugins/com.st.stm32cube.ide.mcu.externaltools.gnu-tools-for-stm32.10.3-2021.10.win32_1.0.0.202111181127/tools/bin/../lib/gcc/arm-none-eabi/10.3.1/../../../../arm-none-eabi/lib/thumb/v7e-m+dp/hard\libc_nano.a(lib_a-sprintf.o)
                              ./Core/Src/main.o (sprintf)
c:/st/stm32cubeide_1.10.1/stm32cubeide/plugins/com.st.stm32cube.ide.mcu.externaltools.gnu-tools-for-stm32.10.3-2021.10.win32_1.0.0.202111181127/tools/bin/../lib/gcc/arm-none-eabi/10.3.1/../../../../arm-none-eabi/lib/thumb/v7e-m+dp/hard\libc_nano.a(lib_a-strcat.o)
                              ./Core/Src/main.o (strcat)
[...]
Memory Configuration

Name             Origin             Length             Attributes
RAM              0x0000000020000000 0x0000000000080000 xrw
FLASH            0x0000000008000000 0x0000000000200000 xr
*default*        0x0000000000000000 0xffffffffffffffff

Linker script and memory map

LOAD c:/st/stm32cubeide_1.10.1/stm32cubeide/plugins/com.st.stm32cube.ide.mcu.externaltools.gnu-tools-for-stm32.10.3-2021.10.win32_1.0.0.202111181127/tools/bin/../lib/gcc/arm-none-eabi/10.3.1/thumb/v7e-m+dp/hard/crti.o
LOAD c:/st/stm32cubeide_1.10.1/stm32cubeide/plugins/com.st.stm32cube.ide.mcu.externaltools.gnu-tools-for-stm32.10.3-2021.10.win32_1.0.0.202111181127/tools/bin/../lib/gcc/arm-none-eabi/10.3.1/thumb/v7e-m+dp/hard/crtbegin.o
LOAD c:/st/stm32cubeide_1.10.1/stm32cubeide/plugins/com.st.stm32cube.ide.mcu.externaltools.gnu-tools-for-stm32.10.3-2021.10.win32_1.0.0.202111181127/tools/bin/../lib/gcc/arm-none-eabi/10.3.1/../../../../arm-none-eabi/lib/thumb/v7e-m+dp/hard/crt0.o
LOAD ./Core/Inc/am2320.o
LOAD ./Core/Src/EEPROM.o
LOAD ./Core/Src/gpio.o
LOAD ./Core/Src/i2c.o
LOAD ./Core/Src/main.o
LOAD ./Core/Src/rng.o
LOAD ./Core/Src/spi.o
LOAD ./Core/Src/stm32f7xx_hal_msp.o
LOAD ./Core/Src/stm32f7xx_it.o
LOAD ./Core/Src/syscalls.o
LOAD ./Core/Src/sysmem.o
LOAD ./Core/Src/system_stm32f7xx.o
LOAD ./Core/Src/tim.o
LOAD ./Core/Src/usart.o
LOAD ./Core/Startup/startup_stm32f767zitx.o
LOAD ./Drivers/ILI9341/ILI9341_GFX.o
LOAD ./Drivers/ILI9341/ILI9341_STM32_Driver.o
LOAD ./Drivers/ILI9341/ILI9341_Touchscreen.o
LOAD ./Drivers/STM32F7xx_HAL_Driver/Src/stm32f7xx_hal.o
LOAD ./Drivers/STM32F7xx_HAL_Driver/Src/stm32f7xx_hal_cortex.o
LOAD ./Drivers/STM32F7xx_HAL_Driver/Src/stm32f7xx_hal_dma.o
LOAD ./Drivers/STM32F7xx_HAL_Driver/Src/stm32f7xx_hal_dma_ex.o
LOAD ./Drivers/STM32F7xx_HAL_Driver/Src/stm32f7xx_hal_exti.o
LOAD ./Drivers/STM32F7xx_HAL_Driver/Src/stm32f7xx_hal_flash.o
LOAD ./Drivers/STM32F7xx_HAL_Driver/Src/stm32f7xx_hal_flash_ex.o
LOAD ./Drivers/STM32F7xx_HAL_Driver/Src/stm32f7xx_hal_gpio.o
LOAD ./Drivers/STM32F7xx_HAL_Driver/Src/stm32f7xx_hal_i2c.o
LOAD ./Drivers/STM32F7xx_HAL_Driver/Src/stm32f7xx_hal_i2c_ex.o
LOAD ./Drivers/STM32F7xx_HAL_Driver/Src/stm32f7xx_hal_pwr.o
LOAD ./Drivers/STM32F7xx_HAL_Driver/Src/stm32f7xx_hal_pwr_ex.o
LOAD ./Drivers/STM32F7xx_HAL_Driver/Src/stm32f7xx_hal_rcc.o
LOAD ./Drivers/STM32F7xx_HAL_Driver/Src/stm32f7xx_hal_rcc_ex.o
LOAD ./Drivers/STM32F7xx_HAL_Driver/Src/stm32f7xx_hal_rng.o
LOAD ./Drivers/STM32F7xx_HAL_Driver/Src/stm32f7xx_hal_spi.o
LOAD ./Drivers/STM32F7xx_HAL_Driver/Src/stm32f7xx_hal_spi_ex.o
LOAD ./Drivers/STM32F7xx_HAL_Driver/Src/stm32f7xx_hal_tim.o
LOAD ./Drivers/STM32F7xx_HAL_Driver/Src/stm32f7xx_hal_tim_ex.o
LOAD ./Drivers/STM32F7xx_HAL_Driver/Src/stm32f7xx_hal_uart.o
LOAD ./Drivers/STM32F7xx_HAL_Driver/Src/stm32f7xx_hal_uart_ex.o
START GROUP
LOAD c:/st/stm32cubeide_1.10.1/stm32cubeide/plugins/com.st.stm32cube.ide.mcu.externaltools.gnu-tools-for-stm32.10.3-2021.10.win32_1.0.0.202111181127/tools/bin/../lib/gcc/arm-none-eabi/10.3.1/../../../../arm-none-eabi/lib/thumb/v7e-m+dp/hard\libc_nano.a
LOAD c:/st/stm32cubeide_1.10.1/stm32cubeide/plugins/com.st.stm32cube.ide.mcu.externaltools.gnu-tools-for-stm32.10.3-2021.10.win32_1.0.0.202111181127/tools/bin/../lib/gcc/arm-none-eabi/10.3.1/../../../../arm-none-eabi/lib/thumb/v7e-m+dp/hard\libm.a
END GROUP
START GROUP
LOAD c:/st/stm32cubeide_1.10.1/stm32cubeide/plugins/com.st.stm32cube.ide.mcu.externaltools.gnu-tools-for-stm32.10.3-2021.10.win32_1.0.0.202111181127/tools/bin/../lib/gcc/arm-none-eabi/10.3.1/thumb/v7e-m+dp/hard\libgcc.a
LOAD c:/st/stm32cubeide_1.10.1/stm32cubeide/plugins/com.st.stm32cube.ide.mcu.externaltools.gnu-tools-for-stm32.10.3-2021.10.win32_1.0.0.202111181127/tools/bin/../lib/gcc/arm-none-eabi/10.3.1/../../../../arm-none-eabi/lib/thumb/v7e-m+dp/hard\libc_nano.a
END GROUP
START GROUP
LOAD c:/st/stm32cubeide_1.10.1/stm32cubeide/plugins/com.st.stm32cube.ide.mcu.externaltools.gnu-tools-for-stm32.10.3-2021.10.win32_1.0.0.202111181127/tools/bin/../lib/gcc/arm-none-eabi/10.3.1/thumb/v7e-m+dp/hard\libgcc.a
LOAD c:/st/stm32cubeide_1.10.1/stm32cubeide/plugins/com.st.stm32cube.ide.mcu.externaltools.gnu-tools-for-stm32.10.3-2021.10.win32_1.0.0.202111181127/tools/bin/../lib/gcc/arm-none-eabi/10.3.1/../../../../arm-none-eabi/lib/thumb/v7e-m+dp/hard\libc_nano.a
LOAD c:/st/stm32cubeide_1.10.1/stm32cubeide/plugins/com.st.stm32cube.ide.mcu.externaltools.gnu-tools-for-stm32.10.3-2021.10.win32_1.0.0.202111181127/tools/bin/../lib/gcc/arm-none-eabi/10.3.1/../../../../arm-none-eabi/lib/thumb/v7e-m+dp/hard\libnosys.a
END GROUP
START GROUP
LOAD c:/st/stm32cubeide_1.10.1/stm32cubeide/plugins/com.st.stm32cube.ide.mcu.externaltools.gnu-tools-for-stm32.10.3-2021.10.win32_1.0.0.202111181127/tools/bin/../lib/gcc/arm-none-eabi/10.3.1/thumb/v7e-m+dp/hard\libgcc.a
LOAD c:/st/stm32cubeide_1.10.1/stm32cubeide/plugins/com.st.stm32cube.ide.mcu.externaltools.gnu-tools-for-stm32.10.3-2021.10.win32_1.0.0.202111181127/tools/bin/../lib/gcc/arm-none-eabi/10.3.1/../../../../arm-none-eabi/lib/thumb/v7e-m+dp/hard\libc_nano.a
LOAD c:/st/stm32cubeide_1.10.1/stm32cubeide/plugins/com.st.stm32cube.ide.mcu.externaltools.gnu-tools-for-stm32.10.3-2021.10.win32_1.0.0.202111181127/tools/bin/../lib/gcc/arm-none-eabi/10.3.1/../../../../arm-none-eabi/lib/thumb/v7e-m+dp/hard\libnosys.a
END GROUP
LOAD c:/st/stm32cubeide_1.10.1/stm32cubeide/plugins/com.st.stm32cube.ide.mcu.externaltools.gnu-tools-for-stm32.10.3-2021.10.win32_1.0.0.202111181127/tools/bin/../lib/gcc/arm-none-eabi/10.3.1/thumb/v7e-m+dp/hard/crtend.o
LOAD c:/st/stm32cubeide_1.10.1/stm32cubeide/plugins/com.st.stm32cube.ide.mcu.externaltools.gnu-tools-for-stm32.10.3-2021.10.win32_1.0.0.202111181127/tools/bin/../lib/gcc/arm-none-eabi/10.3.1/thumb/v7e-m+dp/hard/crtn.o
                0x0000000020080000                _estack = (ORIGIN (RAM) + LENGTH (RAM))
                0x0000000000000200                _Min_Heap_Size = 0x200
                0x0000000000000400                _Min_Stack_Size = 0x400

.isr_vector     0x0000000008000000      0x1f8
                0x0000000008000000                . = ALIGN (0x4)
 *(.isr_vector)
 .isr_vector    0x0000000008000000      0x1f8 ./Core/Startup/startup_stm32f767zitx.o
                0x0000000008000000                g_pfnVectors
                0x00000000080001f8                . = ALIGN (0x4)

.text           0x0000000008000200     0xb204
                0x0000000008000200                . = ALIGN (0x4)
 *(.text)
 .text          0x0000000008000200       0x40 c:/st/stm32cubeide_1.10.1/stm32cubeide/plugins/com.st.stm32cube.ide.mcu.externaltools.gnu-tools-for-stm32.10.3-2021.10.win32_1.0.0.202111181127/tools/bin/../lib/gcc/arm-none-eabi/10.3.1/thumb/v7e-m+dp/hard/crtbegin.o
 .text          0x0000000008000240       0x10 c:/st/stm32cubeide_1.10.1/stm32cubeide/plugins/com.st.stm32cube.ide.mcu.externaltools.gnu-tools-for-stm32.10.3-2021.10.win32_1.0.0.202111181127/tools/bin/../lib/gcc/arm-none-eabi/10.3.1/../../../../arm-none-eabi/lib/thumb/v7e-m+dp/hard\libc_nano.a(lib_a-strlen.o)
                0x0000000008000240                strlen
 .text          0x0000000008000250       0xa0 c:/st/stm32cubeide_1.10.1/stm32cubeide/plugins/com.st.stm32cube.ide.mcu.externaltools.gnu-tools-for-stm32.10.3-2021.10.win32_1.0.0.202111181127/tools/bin/../lib/gcc/arm-none-eabi/10.3.1/../../../../arm-none-eabi/lib/thumb/v7e-m+dp/hard\libc_nano.a(lib_a-memchr.o)
                0x0000000008000250                memchr
 .text          0x00000000080002f0       0x30 c:/st/stm32cubeide_1.10.1/stm32cubeide/plugins/com.st.stm32cube.ide.mcu.externaltools.gnu-tools-for-stm32.10.3-2021.10.win32_1.0.0.202111181127/tools/bin/../lib/gcc/arm-none-eabi/10.3.1/thumb/v7e-m+dp/hard\libgcc.a(_aeabi_uldivmod.o)
                0x00000000080002f0                __aeabi_uldivmod
 .text          0x0000000008000320      0x2d0 c:/st/stm32cubeide_1.10.1/stm32cubeide/plugins/com.st.stm32cube.ide.mcu.externaltools.gnu-tools-for-stm32.10.3-2021.10.win32_1.0.0.202111181127/tools/bin/../lib/gcc/arm-none-eabi/10.3.1/thumb/v7e-m+dp/hard\libgcc.a(_udivmoddi4.o)
                0x0000000008000320                __udivmoddi4
 .text          0x00000000080005f0        0x4 c:/st/stm32cubeide_1.10.1/stm32cubeide/plugins/com.st.stm32cube.ide.mcu.externaltools.gnu-tools-for-stm32.10.3-2021.10.win32_1.0.0.202111181127/tools/bin/../lib/gcc/arm-none-eabi/10.3.1/thumb/v7e-m+dp/hard\libgcc.a(_dvmd_tls.o)
                0x00000000080005f0                __aeabi_idiv0
                0x00000000080005f0                __aeabi_ldiv0
 *(.text*)
 .text.bytestowrite
                0x00000000080005f4       0x32 ./Core/Src/EEPROM.o
                0x00000000080005f4                bytestowrite
 *fill*         0x0000000008000626        0x2 
 .text.EEPROM_Write
                0x0000000008000628       0xcc ./Core/Src/EEPROM.o
                0x0000000008000628                EEPROM_Write
 .text.float2Bytes
                0x00000000080006f4       0x42 ./Core/Src/EEPROM.o
                0x00000000080006f4                float2Bytes
 .text.Bytes2float
                0x0000000008000736       0x44 ./Core/Src/EEPROM.o
                0x0000000008000736                Bytes2float
 *fill*         0x000000000800077a        0x2 
 .text.EEPROM_Write_NUM
                0x000000000800077c       0x38 ./Core/Src/EEPROM.o
                0x000000000800077c                EEPROM_Write_NUM
 .text.EEPROM_Read_NUM
                0x00000000080007b4       0x36 ./Core/Src/EEPROM.o
                0x00000000080007b4                EEPROM_Read_NUM
 *fill*         0x00000000080007ea        0x2 
 .text.EEPROM_Read
                0x00000000080007ec       0xc4 ./Core/Src/EEPROM.o
                0x00000000080007ec                EEPROM_Read
 .text.MX_GPIO_Init
                0x00000000080008b0      0x2c8 ./Core/Src/gpio.o
                0x00000000080008b0                MX_GPIO_Init
 .text.MX_I2C1_Init
                0x0000000008000b78       0x80 ./Core/Src/i2c.o
                0x0000000008000b78                MX_I2C1_Init
 .text.HAL_I2C_MspInit
                0x0000000008000bf8       0xc0 ./Core/Src/i2c.o
                0x0000000008000bf8                HAL_I2C_MspInit
 .text.SCB_EnableICache
                0x0000000008000cb8       0x4c ./Core/Src/main.o
 .text.SCB_EnableDCache
                0x0000000008000d04       0x88 ./Core/Src/main.o
 .text.displayTime
                0x0000000008000d8c       0x84 ./Core/Src/main.o
                0x0000000008000d8c                displayTime
 .text.displayPlayerTime
                0x0000000008000e10       0x74 ./Core/Src/main.o
                0x0000000008000e10                displayPlayerTime
 .text.restart  0x0000000008000e84       0xa0 ./Core/Src/main.o
                0x0000000008000e84                restart
 .text.gamewin  0x0000000008000f24       0xd4 ./Core/Src/main.o
                0x0000000008000f24                gamewin
 .text.gamelose
                0x0000000008000ff8       0xd4 ./Core/Src/main.o
                0x0000000008000ff8                gamelose
 .text.isOverlap
                0x00000000080010cc       0x56 ./Core/Src/main.o
                0x00000000080010cc                isOverlap
 *fill*         0x0000000008001122        0x2 
 .text.setMonsterAvaliable
                0x0000000008001124       0x58 ./Core/Src/main.o
                0x0000000008001124                setMonsterAvaliable
 .text.setPosXMonster
                0x000000000800117c       0x58 ./Core/Src/main.o
                0x000000000800117c                setPosXMonster
 .text.setMonterType
                0x00000000080011d4       0x58 ./Core/Src/main.o
                0x00000000080011d4                setMonterType
 .text.resetMonsterBullet
                0x000000000800122c       0x3c ./Core/Src/main.o
                0x000000000800122c                resetMonsterBullet
 .text.moveBullet
                0x0000000008001268       0x74 ./Core/Src/main.o
                0x0000000008001268                moveBullet
 .text.moveMonsterBullet
                0x00000000080012dc       0xb8 ./Core/Src/main.o
                0x00000000080012dc                moveMonsterBullet
 .text.controlSpaceship
                0x0000000008001394       0xf4 ./Core/Src/main.o
                0x0000000008001394                controlSpaceship
 .text.CompareArrays
                0x0000000008001488       0x64 ./Core/Src/main.o
                0x0000000008001488                CompareArrays
 .text.main     0x00000000080014ec     0x196c ./Core/Src/main.o
                0x00000000080014ec                main
 .text.SystemClock_Config
                0x0000000008002e58       0xe0 ./Core/Src/main.o
                0x0000000008002e58                SystemClock_Config
 .text.HAL_GPIO_EXTI_Callback
                0x0000000008002f38       0x30 ./Core/Src/main.o
                0x0000000008002f38                HAL_GPIO_EXTI_Callback
 .text.Error_Handler
                0x0000000008002f68        0x6 ./Core/Src/main.o
                0x0000000008002f68                Error_Handler
 *fill*         0x0000000008002f6e        0x2 
 .text.MX_RNG_Init
                0x0000000008002f70       0x28 ./Core/Src/rng.o
                0x0000000008002f70                MX_RNG_Init
 .text.HAL_RNG_MspInit
                0x0000000008002f98       0x68 ./Core/Src/rng.o
                0x0000000008002f98                HAL_RNG_MspInit
 .text.MX_SPI5_Init
                0x0000000008003000       0x7c ./Core/Src/spi.o
                0x0000000008003000                MX_SPI5_Init
 .text.HAL_SPI_MspInit
                0x000000000800307c       0x88 ./Core/Src/spi.o
                0x000000000800307c                HAL_SPI_MspInit
 .text.HAL_MspInit
                0x0000000008003104       0x48 ./Core/Src/stm32f7xx_hal_msp.o
                0x0000000008003104                HAL_MspInit
 .text.SysTick_Handler
                0x000000000800314c        0xc ./Core/Src/stm32f7xx_it.o
                0x000000000800314c                SysTick_Handler
 .text.EXTI0_IRQHandler
                0x0000000008003158        0xe ./Core/Src/stm32f7xx_it.o
                0x0000000008003158                EXTI0_IRQHandler
 *fill*         0x0000000008003166        0x2 
 .text.TIM2_IRQHandler
                0x0000000008003168       0x34 ./Core/Src/stm32f7xx_it.o
                0x0000000008003168                TIM2_IRQHandler
 .text.TIM3_IRQHandler
                0x000000000800319c       0x24 ./Core/Src/stm32f7xx_it.o
                0x000000000800319c                TIM3_IRQHandler
 .text.TIM4_IRQHandler
                0x00000000080031c0       0x48 ./Core/Src/stm32f7xx_it.o
                0x00000000080031c0                TIM4_IRQHandler
 .text._getpid  0x0000000008003208       0x10 ./Core/Src/syscalls.o
                0x0000000008003208                _getpid
 .text._kill    0x0000000008003218       0x20 ./Core/Src/syscalls.o
                0x0000000008003218                _kill
 .text._exit    0x0000000008003238       0x14 ./Core/Src/syscalls.o
                0x0000000008003238                _exit
 .text._read    0x000000000800324c       0x3a ./Core/Src/syscalls.o
                0x000000000800324c                _read
 .text._write   0x0000000008003286       0x38 ./Core/Src/syscalls.o
                0x0000000008003286                _write
 .text._close   0x00000000080032be       0x18 ./Core/Src/syscalls.o
                0x00000000080032be                _close
 .text._fstat   0x00000000080032d6       0x20 ./Core/Src/syscalls.o
                0x00000000080032d6                _fstat
 .text._isatty  0x00000000080032f6       0x16 ./Core/Src/syscalls.o
                0x00000000080032f6                _isatty
 .text._lseek   0x000000000800330c       0x1a ./Core/Src/syscalls.o
                0x000000000800330c                _lseek
 *fill*         0x0000000008003326        0x2 
 .text._sbrk    0x0000000008003328       0x6c ./Core/Src/sysmem.o
                0x0000000008003328                _sbrk
 .text.SystemInit
                0x0000000008003394       0x6c ./Core/Src/system_stm32f7xx.o
                0x0000000008003394                SystemInit
 .text.MX_TIM1_Init
                0x0000000008003400       0xac ./Core/Src/tim.o
                0x0000000008003400                MX_TIM1_Init
 .text.MX_TIM2_Init
                0x00000000080034ac       0x9c ./Core/Src/tim.o
                0x00000000080034ac                MX_TIM2_Init
 .text.MX_TIM3_Init
                0x0000000008003548       0x9c ./Core/Src/tim.o
                0x0000000008003548                MX_TIM3_Init
 .text.MX_TIM4_Init
                0x00000000080035e4       0xa0 ./Core/Src/tim.o
                0x00000000080035e4                MX_TIM4_Init
 .text.HAL_TIM_Base_MspInit
                0x0000000008003684       0xe0 ./Core/Src/tim.o
                0x0000000008003684                HAL_TIM_Base_MspInit
 .text.MX_USART3_UART_Init
                0x0000000008003764       0x60 ./Core/Src/usart.o
                0x0000000008003764                MX_USART3_UART_Init
 .text.HAL_UART_MspInit
                0x00000000080037c4       0xc0 ./Core/Src/usart.o
                0x00000000080037c4                HAL_UART_MspInit
 .text.Reset_Handler
                0x0000000008003884       0x50 ./Core/Startup/startup_stm32f767zitx.o
                0x0000000008003884                Reset_Handler
 .text.Default_Handler
                0x00000000080038d4        0x2 ./Core/Startup/startup_stm32f767zitx.o
                0x00000000080038d4                RTC_Alarm_IRQHandler
                0x00000000080038d4                EXTI2_IRQHandler
                0x00000000080038d4                TIM8_CC_IRQHandler
                0x00000000080038d4                DebugMon_Handler
                0x00000000080038d4                UART8_IRQHandler
                0x00000000080038d4                SPI4_IRQHandler
                0x00000000080038d4                TIM1_CC_IRQHandler
                0x00000000080038d4                DMA2_Stream5_IRQHandler
                0x00000000080038d4                HardFault_Handler
                0x00000000080038d4                JPEG_IRQHandler
                0x00000000080038d4                DMA1_Stream5_IRQHandler
                0x00000000080038d4                CAN3_RX1_IRQHandler
                0x00000000080038d4                PVD_IRQHandler
                0x00000000080038d4                TAMP_STAMP_IRQHandler
                0x00000000080038d4                PendSV_Handler
                0x00000000080038d4                NMI_Handler
                0x00000000080038d4                CAN2_RX1_IRQHandler
                0x00000000080038d4                EXTI3_IRQHandler
                0x00000000080038d4                TIM8_TRG_COM_TIM14_IRQHandler
                0x00000000080038d4                DFSDM1_FLT1_IRQHandler
                0x00000000080038d4                TIM1_UP_TIM10_IRQHandler
                0x00000000080038d4                TIM8_UP_TIM13_IRQHandler
                0x00000000080038d4                I2C3_ER_IRQHandler
                0x00000000080038d4                DFSDM1_FLT2_IRQHandler
                0x00000000080038d4                I2C2_EV_IRQHandler
                0x00000000080038d4                DMA1_Stream2_IRQHandler
                0x00000000080038d4                CAN1_RX0_IRQHandler
                0x00000000080038d4                FPU_IRQHandler
                0x00000000080038d4                OTG_HS_WKUP_IRQHandler
                0x00000000080038d4                CAN3_SCE_IRQHandler
                0x00000000080038d4                UsageFault_Handler
                0x00000000080038d4                LTDC_ER_IRQHandler
                0x00000000080038d4                CAN2_SCE_IRQHandler
                0x00000000080038d4                DMA2_Stream2_IRQHandler
                0x00000000080038d4                SPI1_IRQHandler
                0x00000000080038d4                TIM6_DAC_IRQHandler
                0x00000000080038d4                TIM1_BRK_TIM9_IRQHandler
                0x00000000080038d4                DCMI_IRQHandler
                0x00000000080038d4                CAN2_RX0_IRQHandler
                0x00000000080038d4                DMA2_Stream3_IRQHandler
                0x00000000080038d4                SAI2_IRQHandler
                0x00000000080038d4                DFSDM1_FLT3_IRQHandler
                0x00000000080038d4                USART6_IRQHandler
                0x00000000080038d4                CAN3_RX0_IRQHandler
                0x00000000080038d4                USART3_IRQHandler
                0x00000000080038d4                CAN1_RX1_IRQHandler
                0x00000000080038d4                UART5_IRQHandler
                0x00000000080038d4                DMA2_Stream0_IRQHandler
                0x00000000080038d4                QUADSPI_IRQHandler
                0x00000000080038d4                I2C1_EV_IRQHandler
                0x00000000080038d4                DMA1_Stream6_IRQHandler
                0x00000000080038d4                DMA1_Stream1_IRQHandler
                0x00000000080038d4                UART4_IRQHandler
                0x00000000080038d4                RCC_IRQHandler
                0x00000000080038d4                TIM8_BRK_TIM12_IRQHandler
                0x00000000080038d4                Default_Handler
                0x00000000080038d4                CEC_IRQHandler
                0x00000000080038d4                EXTI15_10_IRQHandler
                0x00000000080038d4                ADC_IRQHandler
                0x00000000080038d4                DMA1_Stream7_IRQHandler
                0x00000000080038d4                SPI5_IRQHandler
                0x00000000080038d4                TIM7_IRQHandler
                0x00000000080038d4                SDMMC1_IRQHandler
                0x00000000080038d4                CAN2_TX_IRQHandler
                0x00000000080038d4                TIM5_IRQHandler
                0x00000000080038d4                DMA2_Stream7_IRQHandler
                0x00000000080038d4                I2C3_EV_IRQHandler
                0x00000000080038d4                EXTI9_5_IRQHandler
                0x00000000080038d4                RTC_WKUP_IRQHandler
                0x00000000080038d4                LTDC_IRQHandler
                0x00000000080038d4                ETH_WKUP_IRQHandler
                0x00000000080038d4                SPDIF_RX_IRQHandler
                0x00000000080038d4                SPI2_IRQHandler
                0x00000000080038d4                OTG_HS_EP1_IN_IRQHandler
                0x00000000080038d4                MemManage_Handler
                0x00000000080038d4                DMA1_Stream0_IRQHandler
                0x00000000080038d4                CAN1_TX_IRQHandler
                0x00000000080038d4                SVC_Handler
                0x00000000080038d4                EXTI4_IRQHandler
                0x00000000080038d4                RNG_IRQHandler
                0x00000000080038d4                ETH_IRQHandler
                0x00000000080038d4                OTG_HS_EP1_OUT_IRQHandler
                0x00000000080038d4                WWDG_IRQHandler
                0x00000000080038d4                SPI6_IRQHandler
                0x00000000080038d4                MDIOS_IRQHandler
                0x00000000080038d4                I2C4_EV_IRQHandler
                0x00000000080038d4                CAN3_TX_IRQHandler
                0x00000000080038d4                OTG_FS_WKUP_IRQHandler
                0x00000000080038d4                TIM1_TRG_COM_TIM11_IRQHandler
                0x00000000080038d4                OTG_HS_IRQHandler
                0x00000000080038d4                DMA2D_IRQHandler
                0x00000000080038d4                EXTI1_IRQHandler
                0x00000000080038d4                SDMMC2_IRQHandler
                0x00000000080038d4                UART7_IRQHandler
                0x00000000080038d4                USART2_IRQHandler
                0x00000000080038d4                DFSDM1_FLT0_IRQHandler
                0x00000000080038d4                I2C2_ER_IRQHandler
                0x00000000080038d4                DMA2_Stream1_IRQHandler
                0x00000000080038d4                CAN1_SCE_IRQHandler
                0x00000000080038d4                FLASH_IRQHandler
                0x00000000080038d4                DMA2_Stream4_IRQHandler
                0x00000000080038d4                BusFault_Handler
                0x00000000080038d4                USART1_IRQHandler
                0x00000000080038d4                OTG_FS_IRQHandler
                0x00000000080038d4                SPI3_IRQHandler
                0x00000000080038d4                DMA1_Stream4_IRQHandler
                0x00000000080038d4                I2C1_ER_IRQHandler
                0x00000000080038d4                FMC_IRQHandler
                0x00000000080038d4                LPTIM1_IRQHandler
                0x00000000080038d4                I2C4_ER_IRQHandler
                0x00000000080038d4                DMA2_Stream6_IRQHandler
                0x00000000080038d4                SAI1_IRQHandler
                0x00000000080038d4                DMA1_Stream3_IRQHandler
 *fill*         0x00000000080038d6        0x2 
 .text.ILI9341_Draw_Char
                0x00000000080038d8      0x134 ./Drivers/ILI9341/ILI9341_GFX.o
                0x00000000080038d8                ILI9341_Draw_Char
 .text.ILI9341_Draw_Text
                0x0000000008003a0c       0x5e ./Drivers/ILI9341/ILI9341_GFX.o
                0x0000000008003a0c                ILI9341_Draw_Text
 *fill*         0x0000000008003a6a        0x2 
 .text.ILI9341_Draw_ImageEx
                0x0000000008003a6c       0xc4 ./Drivers/ILI9341/ILI9341_GFX.o
                0x0000000008003a6c                ILI9341_Draw_ImageEx
 .text.ILI9341_SPI_Init
                0x0000000008003b30       0x20 ./Drivers/ILI9341/ILI9341_STM32_Driver.o
                0x0000000008003b30                ILI9341_SPI_Init
 .text.ILI9341_SPI_Send
                0x0000000008003b50       0x24 ./Drivers/ILI9341/ILI9341_STM32_Driver.o
                0x0000000008003b50                ILI9341_SPI_Send
 .text.ILI9341_Write_Command
                0x0000000008003b74       0x44 ./Drivers/ILI9341/ILI9341_STM32_Driver.o
                0x0000000008003b74                ILI9341_Write_Command
 .text.ILI9341_Write_Data
                0x0000000008003bb8       0x44 ./Drivers/ILI9341/ILI9341_STM32_Driver.o
                0x0000000008003bb8                ILI9341_Write_Data
 .text.ILI9341_Set_Address
                0x0000000008003bfc       0x98 ./Drivers/ILI9341/ILI9341_STM32_Driver.o
                0x0000000008003bfc                ILI9341_Set_Address
 .text.ILI9341_Reset
                0x0000000008003c94       0x3c ./Drivers/ILI9341/ILI9341_STM32_Driver.o
                0x0000000008003c94                ILI9341_Reset
 .text.ILI9341_Set_Rotation
                0x0000000008003cd0       0xa4 ./Drivers/ILI9341/ILI9341_STM32_Driver.o
                0x0000000008003cd0                ILI9341_Set_Rotation
 .text.ILI9341_Enable
                0x0000000008003d74       0x18 ./Drivers/ILI9341/ILI9341_STM32_Driver.o
                0x0000000008003d74                ILI9341_Enable
 .text.ILI9341_Init
                0x0000000008003d8c      0x21a ./Drivers/ILI9341/ILI9341_STM32_Driver.o
                0x0000000008003d8c                ILI9341_Init
 *fill*         0x0000000008003fa6        0x2 
 .text.ILI9341_Draw_Colour_Burst
                0x0000000008003fa8      0x13c ./Drivers/ILI9341/ILI9341_STM32_Driver.o
                0x0000000008003fa8                ILI9341_Draw_Colour_Burst
 .text.ILI9341_Fill_Screen
                0x00000000080040e4       0x4c ./Drivers/ILI9341/ILI9341_STM32_Driver.o
                0x00000000080040e4                ILI9341_Fill_Screen
 .text.ILI9341_Draw_Pixel
                0x0000000008004130      0x1b4 ./Drivers/ILI9341/ILI9341_STM32_Driver.o
                0x0000000008004130                ILI9341_Draw_Pixel
 .text.ILI9341_Draw_Rectangle
                0x00000000080042e4       0xb8 ./Drivers/ILI9341/ILI9341_STM32_Driver.o
                0x00000000080042e4                ILI9341_Draw_Rectangle
 .text.HAL_Init
                0x000000000800439c       0x2c ./Drivers/STM32F7xx_HAL_Driver/Src/stm32f7xx_hal.o
                0x000000000800439c                HAL_Init
 .text.HAL_InitTick
                0x00000000080043c8       0x60 ./Drivers/STM32F7xx_HAL_Driver/Src/stm32f7xx_hal.o
                0x00000000080043c8                HAL_InitTick
 .text.HAL_IncTick
                0x0000000008004428       0x28 ./Drivers/STM32F7xx_HAL_Driver/Src/stm32f7xx_hal.o
                0x0000000008004428                HAL_IncTick
 .text.HAL_GetTick
                0x0000000008004450       0x18 ./Drivers/STM32F7xx_HAL_Driver/Src/stm32f7xx_hal.o
                0x0000000008004450                HAL_GetTick
 .text.HAL_Delay
                0x0000000008004468       0x48 ./Drivers/STM32F7xx_HAL_Driver/Src/stm32f7xx_hal.o
                0x0000000008004468                HAL_Delay
 .text.__NVIC_SetPriorityGrouping
                0x00000000080044b0       0x48 ./Drivers/STM32F7xx_HAL_Driver/Src/stm32f7xx_hal_cortex.o
 .text.__NVIC_GetPriorityGrouping
                0x00000000080044f8       0x1c ./Drivers/STM32F7xx_HAL_Driver/Src/stm32f7xx_hal_cortex.o
 .text.__NVIC_EnableIRQ
                0x0000000008004514       0x3c ./Drivers/STM32F7xx_HAL_Driver/Src/stm32f7xx_hal_cortex.o
 .text.__NVIC_SetPriority
                0x0000000008004550       0x54 ./Drivers/STM32F7xx_HAL_Driver/Src/stm32f7xx_hal_cortex.o
 .text.NVIC_EncodePriority
                0x00000000080045a4       0x66 ./Drivers/STM32F7xx_HAL_Driver/Src/stm32f7xx_hal_cortex.o
 *fill*         0x000000000800460a        0x2 
 .text.SysTick_Config
                0x000000000800460c       0x44 ./Drivers/STM32F7xx_HAL_Driver/Src/stm32f7xx_hal_cortex.o
 .text.HAL_NVIC_SetPriorityGrouping
                0x0000000008004650       0x16 ./Drivers/STM32F7xx_HAL_Driver/Src/stm32f7xx_hal_cortex.o
                0x0000000008004650                HAL_NVIC_SetPriorityGrouping
 .text.HAL_NVIC_SetPriority
                0x0000000008004666       0x38 ./Drivers/STM32F7xx_HAL_Driver/Src/stm32f7xx_hal_cortex.o
                0x0000000008004666                HAL_NVIC_SetPriority
 .text.HAL_NVIC_EnableIRQ
                0x000000000800469e       0x1c ./Drivers/STM32F7xx_HAL_Driver/Src/stm32f7xx_hal_cortex.o
                0x000000000800469e                HAL_NVIC_EnableIRQ
 .text.HAL_SYSTICK_Config
                0x00000000080046ba       0x18 ./Drivers/STM32F7xx_HAL_Driver/Src/stm32f7xx_hal_cortex.o
                0x00000000080046ba                HAL_SYSTICK_Config
 *fill*         0x00000000080046d2        0x2 
 .text.HAL_GPIO_Init
                0x00000000080046d4      0x358 ./Drivers/STM32F7xx_HAL_Driver/Src/stm32f7xx_hal_gpio.o
                0x00000000080046d4                HAL_GPIO_Init
 .text.HAL_GPIO_ReadPin
                0x0000000008004a2c       0x30 ./Drivers/STM32F7xx_HAL_Driver/Src/stm32f7xx_hal_gpio.o
                0x0000000008004a2c                HAL_GPIO_ReadPin
 .text.HAL_GPIO_WritePin
                0x0000000008004a5c       0x32 ./Drivers/STM32F7xx_HAL_Driver/Src/stm32f7xx_hal_gpio.o
                0x0000000008004a5c                HAL_GPIO_WritePin
 *fill*         0x0000000008004a8e        0x2 
 .text.HAL_GPIO_EXTI_IRQHandler
                0x0000000008004a90       0x30 ./Drivers/STM32F7xx_HAL_Driver/Src/stm32f7xx_hal_gpio.o
                0x0000000008004a90                HAL_GPIO_EXTI_IRQHandler
 .text.HAL_I2C_Init
                0x0000000008004ac0      0x120 ./Drivers/STM32F7xx_HAL_Driver/Src/stm32f7xx_hal_i2c.o
                0x0000000008004ac0                HAL_I2C_Init
 .text.HAL_I2C_Mem_Write
                0x0000000008004be0      0x228 ./Drivers/STM32F7xx_HAL_Driver/Src/stm32f7xx_hal_i2c.o
                0x0000000008004be0                HAL_I2C_Mem_Write
 .text.HAL_I2C_Mem_Read
                0x0000000008004e08      0x234 ./Drivers/STM32F7xx_HAL_Driver/Src/stm32f7xx_hal_i2c.o
                0x0000000008004e08                HAL_I2C_Mem_Read
 .text.I2C_RequestMemoryWrite
                0x000000000800503c       0xa8 ./Drivers/STM32F7xx_HAL_Driver/Src/stm32f7xx_hal_i2c.o
 .text.I2C_RequestMemoryRead
                0x00000000080050e4       0xa8 ./Drivers/STM32F7xx_HAL_Driver/Src/stm32f7xx_hal_i2c.o
 .text.I2C_Flush_TXDR
                0x000000000800518c       0x48 ./Drivers/STM32F7xx_HAL_Driver/Src/stm32f7xx_hal_i2c.o
 .text.I2C_WaitOnFlagUntilTimeout
                0x00000000080051d4       0x80 ./Drivers/STM32F7xx_HAL_Driver/Src/stm32f7xx_hal_i2c.o
 .text.I2C_WaitOnTXISFlagUntilTimeout
                0x0000000008005254       0x80 ./Drivers/STM32F7xx_HAL_Driver/Src/stm32f7xx_hal_i2c.o
 .text.I2C_WaitOnSTOPFlagUntilTimeout
                0x00000000080052d4       0x78 ./Drivers/STM32F7xx_HAL_Driver/Src/stm32f7xx_hal_i2c.o
 .text.I2C_IsErrorOccurred
                0x000000000800534c      0x1c0 ./Drivers/STM32F7xx_HAL_Driver/Src/stm32f7xx_hal_i2c.o
 .text.I2C_TransferConfig
                0x000000000800550c       0x64 ./Drivers/STM32F7xx_HAL_Driver/Src/stm32f7xx_hal_i2c.o
 .text.HAL_I2CEx_ConfigAnalogFilter
                0x0000000008005570       0x96 ./Drivers/STM32F7xx_HAL_Driver/Src/stm32f7xx_hal_i2c_ex.o
                0x0000000008005570                HAL_I2CEx_ConfigAnalogFilter
 .text.HAL_I2CEx_ConfigDigitalFilter
                0x0000000008005606       0x98 ./Drivers/STM32F7xx_HAL_Driver/Src/stm32f7xx_hal_i2c_ex.o
                0x0000000008005606                HAL_I2CEx_ConfigDigitalFilter
 *fill*         0x000000000800569e        0x2 
 .text.HAL_PWR_EnableBkUpAccess
                0x00000000080056a0       0x20 ./Drivers/STM32F7xx_HAL_Driver/Src/stm32f7xx_hal_pwr.o
                0x00000000080056a0                HAL_PWR_EnableBkUpAccess
 .text.HAL_PWREx_EnableOverDrive
                0x00000000080056c0       0xa0 ./Drivers/STM32F7xx_HAL_Driver/Src/stm32f7xx_hal_pwr_ex.o
                0x00000000080056c0                HAL_PWREx_EnableOverDrive
 .text.HAL_RCC_OscConfig
                0x0000000008005760      0x55c ./Drivers/STM32F7xx_HAL_Driver/Src/stm32f7xx_hal_rcc.o
                0x0000000008005760                HAL_RCC_OscConfig
 .text.HAL_RCC_ClockConfig
                0x0000000008005cbc      0x1d8 ./Drivers/STM32F7xx_HAL_Driver/Src/stm32f7xx_hal_rcc.o
                0x0000000008005cbc                HAL_RCC_ClockConfig
 .text.HAL_RCC_GetSysClockFreq
                0x0000000008005e94      0x20c ./Drivers/STM32F7xx_HAL_Driver/Src/stm32f7xx_hal_rcc.o
                0x0000000008005e94                HAL_RCC_GetSysClockFreq
 .text.HAL_RCC_GetHCLKFreq
                0x00000000080060a0       0x18 ./Drivers/STM32F7xx_HAL_Driver/Src/stm32f7xx_hal_rcc.o
                0x00000000080060a0                HAL_RCC_GetHCLKFreq
 .text.HAL_RCC_GetPCLK1Freq
                0x00000000080060b8       0x28 ./Drivers/STM32F7xx_HAL_Driver/Src/stm32f7xx_hal_rcc.o
                0x00000000080060b8                HAL_RCC_GetPCLK1Freq
 .text.HAL_RCC_GetPCLK2Freq
                0x00000000080060e0       0x28 ./Drivers/STM32F7xx_HAL_Driver/Src/stm32f7xx_hal_rcc.o
                0x00000000080060e0                HAL_RCC_GetPCLK2Freq
 .text.HAL_RCCEx_PeriphCLKConfig
                0x0000000008006108      0x850 ./Drivers/STM32F7xx_HAL_Driver/Src/stm32f7xx_hal_rcc_ex.o
                0x0000000008006108                HAL_RCCEx_PeriphCLKConfig
 .text.HAL_RNG_Init
                0x0000000008006958       0x54 ./Drivers/STM32F7xx_HAL_Driver/Src/stm32f7xx_hal_rng.o
                0x0000000008006958                HAL_RNG_Init
 .text.HAL_SPI_Init
                0x00000000080069ac      0x156 ./Drivers/STM32F7xx_HAL_Driver/Src/stm32f7xx_hal_spi.o
                0x00000000080069ac                HAL_SPI_Init
 .text.HAL_SPI_Transmit
                0x0000000008006b02      0x2dc ./Drivers/STM32F7xx_HAL_Driver/Src/stm32f7xx_hal_spi.o
                0x0000000008006b02                HAL_SPI_Transmit
 *fill*         0x0000000008006dde        0x2 
 .text.SPI_WaitFlagStateUntilTimeout
                0x0000000008006de0      0x110 ./Drivers/STM32F7xx_HAL_Driver/Src/stm32f7xx_hal_spi.o
 .text.SPI_WaitFifoStateUntilTimeout
                0x0000000008006ef0      0x12c ./Drivers/STM32F7xx_HAL_Driver/Src/stm32f7xx_hal_spi.o
 .text.SPI_EndRxTxTransaction
                0x000000000800701c       0xd4 ./Drivers/STM32F7xx_HAL_Driver/Src/stm32f7xx_hal_spi.o
 .text.HAL_TIM_Base_Init
                0x00000000080070f0       0xae ./Drivers/STM32F7xx_HAL_Driver/Src/stm32f7xx_hal_tim.o
                0x00000000080070f0                HAL_TIM_Base_Init
 *fill*         0x000000000800719e        0x2 
 .text.HAL_TIM_Base_Start_IT
                0x00000000080071a0       0xf0 ./Drivers/STM32F7xx_HAL_Driver/Src/stm32f7xx_hal_tim.o
                0x00000000080071a0                HAL_TIM_Base_Start_IT
 .text.HAL_TIM_IRQHandler
                0x0000000008007290      0x23e ./Drivers/STM32F7xx_HAL_Driver/Src/stm32f7xx_hal_tim.o
                0x0000000008007290                HAL_TIM_IRQHandler
 *fill*         0x00000000080074ce        0x2 
 .text.HAL_TIM_ConfigClockSource
                0x00000000080074d0      0x194 ./Drivers/STM32F7xx_HAL_Driver/Src/stm32f7xx_hal_tim.o
                0x00000000080074d0                HAL_TIM_ConfigClockSource
 .text.HAL_TIM_PeriodElapsedCallback
                0x0000000008007664       0x14 ./Drivers/STM32F7xx_HAL_Driver/Src/stm32f7xx_hal_tim.o
                0x0000000008007664                HAL_TIM_PeriodElapsedCallback
 .text.HAL_TIM_OC_DelayElapsedCallback
                0x0000000008007678       0x14 ./Drivers/STM32F7xx_HAL_Driver/Src/stm32f7xx_hal_tim.o
                0x0000000008007678                HAL_TIM_OC_DelayElapsedCallback
 .text.HAL_TIM_IC_CaptureCallback
                0x000000000800768c       0x14 ./Drivers/STM32F7xx_HAL_Driver/Src/stm32f7xx_hal_tim.o
                0x000000000800768c                HAL_TIM_IC_CaptureCallback
 .text.HAL_TIM_PWM_PulseFinishedCallback
                0x00000000080076a0       0x14 ./Drivers/STM32F7xx_HAL_Driver/Src/stm32f7xx_hal_tim.o
                0x00000000080076a0                HAL_TIM_PWM_PulseFinishedCallback
 .text.HAL_TIM_TriggerCallback
                0x00000000080076b4       0x14 ./Drivers/STM32F7xx_HAL_Driver/Src/stm32f7xx_hal_tim.o
                0x00000000080076b4                HAL_TIM_TriggerCallback
 .text.TIM_Base_SetConfig
                0x00000000080076c8      0x140 ./Drivers/STM32F7xx_HAL_Driver/Src/stm32f7xx_hal_tim.o
                0x00000000080076c8                TIM_Base_SetConfig
 .text.TIM_TI1_ConfigInputStage
                0x0000000008007808       0x5e ./Drivers/STM32F7xx_HAL_Driver/Src/stm32f7xx_hal_tim.o
 .text.TIM_TI2_ConfigInputStage
                0x0000000008007866       0x60 ./Drivers/STM32F7xx_HAL_Driver/Src/stm32f7xx_hal_tim.o
 .text.TIM_ITRx_SetConfig
                0x00000000080078c6       0x36 ./Drivers/STM32F7xx_HAL_Driver/Src/stm32f7xx_hal_tim.o
 .text.TIM_ETR_SetConfig
                0x00000000080078fc       0x40 ./Drivers/STM32F7xx_HAL_Driver/Src/stm32f7xx_hal_tim.o
                0x00000000080078fc                TIM_ETR_SetConfig
 .text.HAL_TIMEx_MasterConfigSynchronization
                0x000000000800793c      0x11c ./Drivers/STM32F7xx_HAL_Driver/Src/stm32f7xx_hal_tim_ex.o
                0x000000000800793c                HAL_TIMEx_MasterConfigSynchronization
 .text.HAL_TIMEx_CommutCallback
                0x0000000008007a58       0x14 ./Drivers/STM32F7xx_HAL_Driver/Src/stm32f7xx_hal_tim_ex.o
                0x0000000008007a58                HAL_TIMEx_CommutCallback
 .text.HAL_TIMEx_BreakCallback
                0x0000000008007a6c       0x14 ./Drivers/STM32F7xx_HAL_Driver/Src/stm32f7xx_hal_tim_ex.o
                0x0000000008007a6c                HAL_TIMEx_BreakCallback
 .text.HAL_TIMEx_Break2Callback
                0x0000000008007a80       0x14 ./Drivers/STM32F7xx_HAL_Driver/Src/stm32f7xx_hal_tim_ex.o
                0x0000000008007a80                HAL_TIMEx_Break2Callback
 .text.HAL_UART_Init
                0x0000000008007a94       0x9c ./Drivers/STM32F7xx_HAL_Driver/Src/stm32f7xx_hal_uart.o
                0x0000000008007a94                HAL_UART_Init
 .text.UART_SetConfig
                0x0000000008007b30      0x4c8 ./Drivers/STM32F7xx_HAL_Driver/Src/stm32f7xx_hal_uart.o
                0x0000000008007b30                UART_SetConfig
 .text.UART_AdvFeatureConfig
                0x0000000008007ff8      0x144 ./Drivers/STM32F7xx_HAL_Driver/Src/stm32f7xx_hal_uart.o
                0x0000000008007ff8                UART_AdvFeatureConfig
 .text.UART_CheckIdleState
                0x000000000800813c       0x9a ./Drivers/STM32F7xx_HAL_Driver/Src/stm32f7xx_hal_uart.o
                0x000000000800813c                UART_CheckIdleState
 .text.UART_WaitOnFlagUntilTimeout
                0x00000000080081d6      0x18c ./Drivers/STM32F7xx_HAL_Driver/Src/stm32f7xx_hal_uart.o
                0x00000000080081d6                UART_WaitOnFlagUntilTimeout
 *fill*         0x0000000008008362        0x2 
 .text.__errno  0x0000000008008364        0xc c:/st/stm32cubeide_1.10.1/stm32cubeide/plugins/com.st.stm32cube.ide.mcu.externaltools.gnu-tools-for-stm32.10.3-2021.10.win32_1.0.0.202111181127/tools/bin/../lib/gcc/arm-none-eabi/10.3.1/../../../../arm-none-eabi/lib/thumb/v7e-m+dp/hard\libc_nano.a(lib_a-errno.o)
                0x0000000008008364                __errno
 .text.__libc_init_array
                0x0000000008008370       0x48 c:/st/stm32cubeide_1.10.1/stm32cubeide/plugins/com.st.stm32cube.ide.mcu.externaltools.gnu-tools-for-stm32.10.3-2021.10.win32_1.0.0.202111181127/tools/bin/../lib/gcc/arm-none-eabi/10.3.1/../../../../arm-none-eabi/lib/thumb/v7e-m+dp/hard\libc_nano.a(lib_a-init.o)
                0x0000000008008370                __libc_init_array
 .text.memset   0x00000000080083b8       0x10 c:/st/stm32cubeide_1.10.1/stm32cubeide/plugins/com.st.stm32cube.ide.mcu.externaltools.gnu-tools-for-stm32.10.3-2021.10.win32_1.0.0.202111181127/tools/bin/../lib/gcc/arm-none-eabi/10.3.1/../../../../arm-none-eabi/lib/thumb/v7e-m+dp/hard\libc_nano.a(lib_a-memset.o)
                0x00000000080083b8                memset
 .text.__cvt    0x00000000080083c8       0xa4 c:/st/stm32cubeide_1.10.1/stm32cubeide/plugins/com.st.stm32cube.ide.mcu.externaltools.gnu-tools-for-stm32.10.3-2021.10.win32_1.0.0.202111181127/tools/bin/../lib/gcc/arm-none-eabi/10.3.1/../../../../arm-none-eabi/lib/thumb/v7e-m+dp/hard\libc_nano.a(lib_a-nano-vfprintf_float.o)
                0x00000000080083c8                __cvt
 .text.__exponent
                0x000000000800846c       0x7c c:/st/stm32cubeide_1.10.1/stm32cubeide/plugins/com.st.stm32cube.ide.mcu.externaltools.gnu-tools-for-stm32.10.3-2021.10.win32_1.0.0.202111181127/tools/bin/../lib/gcc/arm-none-eabi/10.3.1/../../../../arm-none-eabi/lib/thumb/v7e-m+dp/hard\libc_nano.a(lib_a-nano-vfprintf_float.o)
                0x000000000800846c                __exponent
 .text._printf_float
                0x00000000080084e8      0x43c c:/st/stm32cubeide_1.10.1/stm32cubeide/plugins/com.st.stm32cube.ide.mcu.externaltools.gnu-tools-for-stm32.10.3-2021.10.win32_1.0.0.202111181127/tools/bin/../lib/gcc/arm-none-eabi/10.3.1/../../../../arm-none-eabi/lib/thumb/v7e-m+dp/hard\libc_nano.a(lib_a-nano-vfprintf_float.o)
                0x00000000080084e8                _printf_float
 .text._printf_common
                0x0000000008008924       0xda c:/st/stm32cubeide_1.10.1/stm32cubeide/plugins/com.st.stm32cube.ide.mcu.externaltools.gnu-tools-for-stm32.10.3-2021.10.win32_1.0.0.202111181127/tools/bin/../lib/gcc/arm-none-eabi/10.3.1/../../../../arm-none-eabi/lib/thumb/v7e-m+dp/hard\libc_nano.a(lib_a-nano-vfprintf_i.o)
                0x0000000008008924                _printf_common
 *fill*         0x00000000080089fe        0x2 
 .text._printf_i
                0x0000000008008a00      0x24c c:/st/stm32cubeide_1.10.1/stm32cubeide/plugins/com.st.stm32cube.ide.mcu.externaltools.gnu-tools-for-stm32.10.3-2021.10.win32_1.0.0.202111181127/tools/bin/../lib/gcc/arm-none-eabi/10.3.1/../../../../arm-none-eabi/lib/thumb/v7e-m+dp/hard\libc_nano.a(lib_a-nano-vfprintf_i.o)
                0x0000000008008a00                _printf_i
 .text.swapfunc
                0x0000000008008c4c       0x32 c:/st/stm32cubeide_1.10.1/stm32cubeide/plugins/com.st.stm32cube.ide.mcu.externaltools.gnu-tools-for-stm32.10.3-2021.10.win32_1.0.0.202111181127/tools/bin/../lib/gcc/arm-none-eabi/10.3.1/../../../../arm-none-eabi/lib/thumb/v7e-m+dp/hard\libc_nano.a(lib_a-qsort.o)
 .text.med3.constprop.0
                0x0000000008008c7e       0x3e c:/st/stm32cubeide_1.10.1/stm32cubeide/plugins/com.st.stm32cube.ide.mcu.externaltools.gnu-tools-for-stm32.10.3-2021.10.win32_1.0.0.202111181127/tools/bin/../lib/gcc/arm-none-eabi/10.3.1/../../../../arm-none-eabi/lib/thumb/v7e-m+dp/hard\libc_nano.a(lib_a-qsort.o)
 .text.qsort    0x0000000008008cbc      0x2a0 c:/st/stm32cubeide_1.10.1/stm32cubeide/plugins/com.st.stm32cube.ide.mcu.externaltools.gnu-tools-for-stm32.10.3-2021.10.win32_1.0.0.202111181127/tools/bin/../lib/gcc/arm-none-eabi/10.3.1/../../../../arm-none-eabi/lib/thumb/v7e-m+dp/hard\libc_nano.a(lib_a-qsort.o)
                0x0000000008008cbc                qsort
 .text.rand     0x0000000008008f5c       0x7c c:/st/stm32cubeide_1.10.1/stm32cubeide/plugins/com.st.stm32cube.ide.mcu.externaltools.gnu-tools-for-stm32.10.3-2021.10.win32_1.0.0.202111181127/tools/bin/../lib/gcc/arm-none-eabi/10.3.1/../../../../arm-none-eabi/lib/thumb/v7e-m+dp/hard\libc_nano.a(lib_a-rand.o)
                0x0000000008008f5c                rand
 .text.sprintf  0x0000000008008fd8       0x40 c:/st/stm32cubeide_1.10.1/stm32cubeide/plugins/com.st.stm32cube.ide.mcu.externaltools.gnu-tools-for-stm32.10.3-2021.10.win32_1.0.0.202111181127/tools/bin/../lib/gcc/arm-none-eabi/10.3.1/../../../../arm-none-eabi/lib/thumb/v7e-m+dp/hard\libc_nano.a(lib_a-sprintf.o)
                0x0000000008008fd8                siprintf
                0x0000000008008fd8                sprintf
 .text.strcat   0x0000000008009018       0x1e c:/st/stm32cubeide_1.10.1/stm32cubeide/plugins/com.st.stm32cube.ide.mcu.externaltools.gnu-tools-for-stm32.10.3-2021.10.win32_1.0.0.202111181127/tools/bin/../lib/gcc/arm-none-eabi/10.3.1/../../../../arm-none-eabi/lib/thumb/v7e-m+dp/hard\libc_nano.a(lib_a-strcat.o)
                0x0000000008009018                strcat
 *fill*         0x0000000008009036        0x2 
 .text.__assert_func
                0x0000000008009038       0x3c c:/st/stm32cubeide_1.10.1/stm32cubeide/plugins/com.st.stm32cube.ide.mcu.externaltools.gnu-tools-for-stm32.10.3-2021.10.win32_1.0.0.202111181127/tools/bin/../lib/gcc/arm-none-eabi/10.3.1/../../../../arm-none-eabi/lib/thumb/v7e-m+dp/hard\libc_nano.a(lib_a-assert.o)
                0x0000000008009038                __assert_func
 .text.quorem   0x0000000008009074      0x116 c:/st/stm32cubeide_1.10.1/stm32cubeide/plugins/com.st.stm32cube.ide.mcu.externaltools.gnu-tools-for-stm32.10.3-2021.10.win32_1.0.0.202111181127/tools/bin/../lib/gcc/arm-none-eabi/10.3.1/../../../../arm-none-eabi/lib/thumb/v7e-m+dp/hard\libc_nano.a(lib_a-dtoa.o)
 *fill*         0x000000000800918a        0x6 
 .text._dtoa_r  0x0000000008009190      0xadc c:/st/stm32cubeide_1.10.1/stm32cubeide/plugins/com.st.stm32cube.ide.mcu.externaltools.gnu-tools-for-stm32.10.3-2021.10.win32_1.0.0.202111181127/tools/bin/../lib/gcc/arm-none-eabi/10.3.1/../../../../arm-none-eabi/lib/thumb/v7e-m+dp/hard\libc_nano.a(lib_a-dtoa.o)
                0x0000000008009190                _dtoa_r
 .text.fprintf  0x0000000008009c6c       0x24 c:/st/stm32cubeide_1.10.1/stm32cubeide/plugins/com.st.stm32cube.ide.mcu.externaltools.gnu-tools-for-stm32.10.3-2021.10.win32_1.0.0.202111181127/tools/bin/../lib/gcc/arm-none-eabi/10.3.1/../../../../arm-none-eabi/lib/thumb/v7e-m+dp/hard\libc_nano.a(lib_a-fprintf.o)
                0x0000000008009c6c                fiprintf
                0x0000000008009c6c                fprintf
 .text._localeconv_r
                0x0000000008009c90        0x8 c:/st/stm32cubeide_1.10.1/stm32cubeide/plugins/com.st.stm32cube.ide.mcu.externaltools.gnu-tools-for-stm32.10.3-2021.10.win32_1.0.0.202111181127/tools/bin/../lib/gcc/arm-none-eabi/10.3.1/../../../../arm-none-eabi/lib/thumb/v7e-m+dp/hard\libc_nano.a(lib_a-localeconv.o)
                0x0000000008009c90                _localeconv_r
 .text.malloc   0x0000000008009c98       0x10 c:/st/stm32cubeide_1.10.1/stm32cubeide/plugins/com.st.stm32cube.ide.mcu.externaltools.gnu-tools-for-stm32.10.3-2021.10.win32_1.0.0.202111181127/tools/bin/../lib/gcc/arm-none-eabi/10.3.1/../../../../arm-none-eabi/lib/thumb/v7e-m+dp/hard\libc_nano.a(lib_a-malloc.o)
                0x0000000008009c98                malloc
 .text.memcpy   0x0000000008009ca8       0x1c c:/st/stm32cubeide_1.10.1/stm32cubeide/plugins/com.st.stm32cube.ide.mcu.externaltools.gnu-tools-for-stm32.10.3-2021.10.win32_1.0.0.202111181127/tools/bin/../lib/gcc/arm-none-eabi/10.3.1/../../../../arm-none-eabi/lib/thumb/v7e-m+dp/hard\libc_nano.a(lib_a-memcpy-stub.o)
                0x0000000008009ca8                memcpy
 .text._Balloc  0x0000000008009cc4       0x80 c:/st/stm32cubeide_1.10.1/stm32cubeide/plugins/com.st.stm32cube.ide.mcu.externaltools.gnu-tools-for-stm32.10.3-2021.10.win32_1.0.0.202111181127/tools/bin/../lib/gcc/arm-none-eabi/10.3.1/../../../../arm-none-eabi/lib/thumb/v7e-m+dp/hard\libc_nano.a(lib_a-mprec.o)
                0x0000000008009cc4                _Balloc
 .text._Bfree   0x0000000008009d44       0x44 c:/st/stm32cubeide_1.10.1/stm32cubeide/plugins/com.st.stm32cube.ide.mcu.externaltools.gnu-tools-for-stm32.10.3-2021.10.win32_1.0.0.202111181127/tools/bin/../lib/gcc/arm-none-eabi/10.3.1/../../../../arm-none-eabi/lib/thumb/v7e-m+dp/hard\libc_nano.a(lib_a-mprec.o)
                0x0000000008009d44                _Bfree
 .text.__multadd
                0x0000000008009d88       0x8c c:/st/stm32cubeide_1.10.1/stm32cubeide/plugins/com.st.stm32cube.ide.mcu.externaltools.gnu-tools-for-stm32.10.3-2021.10.win32_1.0.0.202111181127/tools/bin/../lib/gcc/arm-none-eabi/10.3.1/../../../../arm-none-eabi/lib/thumb/v7e-m+dp/hard\libc_nano.a(lib_a-mprec.o)
                0x0000000008009d88                __multadd
 .text.__hi0bits
                0x0000000008009e14       0x40 c:/st/stm32cubeide_1.10.1/stm32cubeide/plugins/com.st.stm32cube.ide.mcu.externaltools.gnu-tools-for-stm32.10.3-2021.10.win32_1.0.0.202111181127/tools/bin/../lib/gcc/arm-none-eabi/10.3.1/../../../../arm-none-eabi/lib/thumb/v7e-m+dp/hard\libc_nano.a(lib_a-mprec.o)
                0x0000000008009e14                __hi0bits
 .text.__lo0bits
                0x0000000008009e54       0x5e c:/st/stm32cubeide_1.10.1/stm32cubeide/plugins/com.st.stm32cube.ide.mcu.externaltools.gnu-tools-for-stm32.10.3-2021.10.win32_1.0.0.202111181127/tools/bin/../lib/gcc/arm-none-eabi/10.3.1/../../../../arm-none-eabi/lib/thumb/v7e-m+dp/hard\libc_nano.a(lib_a-mprec.o)
                0x0000000008009e54                __lo0bits
 *fill*         0x0000000008009eb2        0x2 
 .text.__i2b    0x0000000008009eb4       0x2c c:/st/stm32cubeide_1.10.1/stm32cubeide/plugins/com.st.stm32cube.ide.mcu.externaltools.gnu-tools-for-stm32.10.3-2021.10.win32_1.0.0.202111181127/tools/bin/../lib/gcc/arm-none-eabi/10.3.1/../../../../arm-none-eabi/lib/thumb/v7e-m+dp/hard\libc_nano.a(lib_a-mprec.o)
                0x0000000008009eb4                __i2b
 .text.__multiply
                0x0000000008009ee0      0x154 c:/st/stm32cubeide_1.10.1/stm32cubeide/plugins/com.st.stm32cube.ide.mcu.externaltools.gnu-tools-for-stm32.10.3-2021.10.win32_1.0.0.202111181127/tools/bin/../lib/gcc/arm-none-eabi/10.3.1/../../../../arm-none-eabi/lib/thumb/v7e-m+dp/hard\libc_nano.a(lib_a-mprec.o)
                0x0000000008009ee0                __multiply
 .text.__pow5mult
                0x000000000800a034       0xb4 c:/st/stm32cubeide_1.10.1/stm32cubeide/plugins/com.st.stm32cube.ide.mcu.externaltools.gnu-tools-for-stm32.10.3-2021.10.win32_1.0.0.202111181127/tools/bin/../lib/gcc/arm-none-eabi/10.3.1/../../../../arm-none-eabi/lib/thumb/v7e-m+dp/hard\libc_nano.a(lib_a-mprec.o)
                0x000000000800a034                __pow5mult
 .text.__lshift
                0x000000000800a0e8       0xe0 c:/st/stm32cubeide_1.10.1/stm32cubeide/plugins/com.st.stm32cube.ide.mcu.externaltools.gnu-tools-for-stm32.10.3-2021.10.win32_1.0.0.202111181127/tools/bin/../lib/gcc/arm-none-eabi/10.3.1/../../../../arm-none-eabi/lib/thumb/v7e-m+dp/hard\libc_nano.a(lib_a-mprec.o)
                0x000000000800a0e8                __lshift
 .text.__mcmp   0x000000000800a1c8       0x38 c:/st/stm32cubeide_1.10.1/stm32cubeide/plugins/com.st.stm32cube.ide.mcu.externaltools.gnu-tools-for-stm32.10.3-2021.10.win32_1.0.0.202111181127/tools/bin/../lib/gcc/arm-none-eabi/10.3.1/../../../../arm-none-eabi/lib/thumb/v7e-m+dp/hard\libc_nano.a(lib_a-mprec.o)
                0x000000000800a1c8                __mcmp
 .text.__mdiff  0x000000000800a200      0x114 c:/st/stm32cubeide_1.10.1/stm32cubeide/plugins/com.st.stm32cube.ide.mcu.externaltools.gnu-tools-for-stm32.10.3-2021.10.win32_1.0.0.202111181127/tools/bin/../lib/gcc/arm-none-eabi/10.3.1/../../../../arm-none-eabi/lib/thumb/v7e-m+dp/hard\libc_nano.a(lib_a-mprec.o)
                0x000000000800a200                __mdiff
 .text.__d2b    0x000000000800a314       0xb8 c:/st/stm32cubeide_1.10.1/stm32cubeide/plugins/com.st.stm32cube.ide.mcu.externaltools.gnu-tools-for-stm32.10.3-2021.10.win32_1.0.0.202111181127/tools/bin/../lib/gcc/arm-none-eabi/10.3.1/../../../../arm-none-eabi/lib/thumb/v7e-m+dp/hard\libc_nano.a(lib_a-mprec.o)
                0x000000000800a314                __d2b
 .text._calloc_r
                0x000000000800a3cc       0x2c c:/st/stm32cubeide_1.10.1/stm32cubeide/plugins/com.st.stm32cube.ide.mcu.externaltools.gnu-tools-for-stm32.10.3-2021.10.win32_1.0.0.202111181127/tools/bin/../lib/gcc/arm-none-eabi/10.3.1/../../../../arm-none-eabi/lib/thumb/v7e-m+dp/hard\libc_nano.a(lib_a-nano-callocr.o)
                0x000000000800a3cc                _calloc_r
 .text._free_r  0x000000000800a3f8       0x98 c:/st/stm32cubeide_1.10.1/stm32cubeide/plugins/com.st.stm32cube.ide.mcu.externaltools.gnu-tools-for-stm32.10.3-2021.10.win32_1.0.0.202111181127/tools/bin/../lib/gcc/arm-none-eabi/10.3.1/../../../../arm-none-eabi/lib/thumb/v7e-m+dp/hard\libc_nano.a(lib_a-nano-freer.o)
                0x000000000800a3f8                _free_r
 .text.sbrk_aligned
                0x000000000800a490       0x40 c:/st/stm32cubeide_1.10.1/stm32cubeide/plugins/com.st.stm32cube.ide.mcu.externaltools.gnu-tools-for-stm32.10.3-2021.10.win32_1.0.0.202111181127/tools/bin/../lib/gcc/arm-none-eabi/10.3.1/../../../../arm-none-eabi/lib/thumb/v7e-m+dp/hard\libc_nano.a(lib_a-nano-mallocr.o)
 .text._malloc_r
                0x000000000800a4d0       0xe8 c:/st/stm32cubeide_1.10.1/stm32cubeide/plugins/com.st.stm32cube.ide.mcu.externaltools.gnu-tools-for-stm32.10.3-2021.10.win32_1.0.0.202111181127/tools/bin/../lib/gcc/arm-none-eabi/10.3.1/../../../../arm-none-eabi/lib/thumb/v7e-m+dp/hard\libc_nano.a(lib_a-nano-mallocr.o)
                0x000000000800a4d0                _malloc_r
 .text.__ssputs_r
                0x000000000800a5b8       0xb6 c:/st/stm32cubeide_1.10.1/stm32cubeide/plugins/com.st.stm32cube.ide.mcu.externaltools.gnu-tools-for-stm32.10.3-2021.10.win32_1.0.0.202111181127/tools/bin/../lib/gcc/arm-none-eabi/10.3.1/../../../../arm-none-eabi/lib/thumb/v7e-m+dp/hard\libc_nano.a(lib_a-nano-svfprintf.o)
                0x000000000800a5b8                __ssputs_r
 *fill*         0x000000000800a66e        0x2 
 .text._svfprintf_r
                0x000000000800a670      0x200 c:/st/stm32cubeide_1.10.1/stm32cubeide/plugins/com.st.stm32cube.ide.mcu.externaltools.gnu-tools-for-stm32.10.3-2021.10.win32_1.0.0.202111181127/tools/bin/../lib/gcc/arm-none-eabi/10.3.1/../../../../arm-none-eabi/lib/thumb/v7e-m+dp/hard\libc_nano.a(lib_a-nano-svfprintf.o)
                0x000000000800a670                _svfiprintf_r
                0x000000000800a670                _svfprintf_r
 .text.__sfputc_r
                0x000000000800a870       0x2e c:/st/stm32cubeide_1.10.1/stm32cubeide/plugins/com.st.stm32cube.ide.mcu.externaltools.gnu-tools-for-stm32.10.3-2021.10.win32_1.0.0.202111181127/tools/bin/../lib/gcc/arm-none-eabi/10.3.1/../../../../arm-none-eabi/lib/thumb/v7e-m+dp/hard\libc_nano.a(lib_a-nano-vfprintf.o)
 .text.__sfputs_r
                0x000000000800a89e       0x24 c:/st/stm32cubeide_1.10.1/stm32cubeide/plugins/com.st.stm32cube.ide.mcu.externaltools.gnu-tools-for-stm32.10.3-2021.10.win32_1.0.0.202111181127/tools/bin/../lib/gcc/arm-none-eabi/10.3.1/../../../../arm-none-eabi/lib/thumb/v7e-m+dp/hard\libc_nano.a(lib_a-nano-vfprintf.o)
                0x000000000800a89e                __sfputs_r
 *fill*         0x000000000800a8c2        0x2 
 .text._vfprintf_r
                0x000000000800a8c4      0x260 c:/st/stm32cubeide_1.10.1/stm32cubeide/plugins/com.st.stm32cube.ide.mcu.externaltools.gnu-tools-for-stm32.10.3-2021.10.win32_1.0.0.202111181127/tools/bin/../lib/gcc/arm-none-eabi/10.3.1/../../../../arm-none-eabi/lib/thumb/v7e-m+dp/hard\libc_nano.a(lib_a-nano-vfprintf.o)
                0x000000000800a8c4                _vfprintf_r
                0x000000000800a8c4                _vfiprintf_r
 .text._sbrk_r  0x000000000800ab24       0x20 c:/st/stm32cubeide_1.10.1/stm32cubeide/plugins/com.st.stm32cube.ide.mcu.externaltools.gnu-tools-for-stm32.10.3-2021.10.win32_1.0.0.202111181127/tools/bin/../lib/gcc/arm-none-eabi/10.3.1/../../../../arm-none-eabi/lib/thumb/v7e-m+dp/hard\libc_nano.a(lib_a-sbrkr.o)
                0x000000000800ab24                _sbrk_r
 .text.__swbuf_r
                0x000000000800ab44       0xa4 c:/st/stm32cubeide_1.10.1/stm32cubeide/plugins/com.st.stm32cube.ide.mcu.externaltools.gnu-tools-for-stm32.10.3-2021.10.win32_1.0.0.202111181127/tools/bin/../lib/gcc/arm-none-eabi/10.3.1/../../../../arm-none-eabi/lib/thumb/v7e-m+dp/hard\libc_nano.a(lib_a-wbuf.o)
                0x000000000800ab44                __swbuf_r
 .text.__swsetup_r
                0x000000000800abe8       0xdc c:/st/stm32cubeide_1.10.1/stm32cubeide/plugins/com.st.stm32cube.ide.mcu.externaltools.gnu-tools-for-stm32.10.3-2021.10.win32_1.0.0.202111181127/tools/bin/../lib/gcc/arm-none-eabi/10.3.1/../../../../arm-none-eabi/lib/thumb/v7e-m+dp/hard\libc_nano.a(lib_a-wsetup.o)
                0x000000000800abe8                __swsetup_r
 .text.abort    0x000000000800acc4        0xe c:/st/stm32cubeide_1.10.1/stm32cubeide/plugins/com.st.stm32cube.ide.mcu.externaltools.gnu-tools-for-stm32.10.3-2021.10.win32_1.0.0.202111181127/tools/bin/../lib/gcc/arm-none-eabi/10.3.1/../../../../arm-none-eabi/lib/thumb/v7e-m+dp/hard\libc_nano.a(lib_a-abort.o)
                0x000000000800acc4                abort
 *fill*         0x000000000800acd2        0x2 
 .text.__sflush_r
                0x000000000800acd4      0x10c c:/st/stm32cubeide_1.10.1/stm32cubeide/plugins/com.st.stm32cube.ide.mcu.externaltools.gnu-tools-for-stm32.10.3-2021.10.win32_1.0.0.202111181127/tools/bin/../lib/gcc/arm-none-eabi/10.3.1/../../../../arm-none-eabi/lib/thumb/v7e-m+dp/hard\libc_nano.a(lib_a-fflush.o)
                0x000000000800acd4                __sflush_r
 .text._fflush_r
                0x000000000800ade0       0x78 c:/st/stm32cubeide_1.10.1/stm32cubeide/plugins/com.st.stm32cube.ide.mcu.externaltools.gnu-tools-for-stm32.10.3-2021.10.win32_1.0.0.202111181127/tools/bin/../lib/gcc/arm-none-eabi/10.3.1/../../../../arm-none-eabi/lib/thumb/v7e-m+dp/hard\libc_nano.a(lib_a-fflush.o)
                0x000000000800ade0                _fflush_r
 .text.std      0x000000000800ae58       0x48 c:/st/stm32cubeide_1.10.1/stm32cubeide/plugins/com.st.stm32cube.ide.mcu.externaltools.gnu-tools-for-stm32.10.3-2021.10.win32_1.0.0.202111181127/tools/bin/../lib/gcc/arm-none-eabi/10.3.1/../../../../arm-none-eabi/lib/thumb/v7e-m+dp/hard\libc_nano.a(lib_a-findfp.o)
 .text._cleanup_r
                0x000000000800aea0        0xc c:/st/stm32cubeide_1.10.1/stm32cubeide/plugins/com.st.stm32cube.ide.mcu.externaltools.gnu-tools-for-stm32.10.3-2021.10.win32_1.0.0.202111181127/tools/bin/../lib/gcc/arm-none-eabi/10.3.1/../../../../arm-none-eabi/lib/thumb/v7e-m+dp/hard\libc_nano.a(lib_a-findfp.o)
                0x000000000800aea0                _cleanup_r
 .text.__sfmoreglue
                0x000000000800aeac       0x2c c:/st/stm32cubeide_1.10.1/stm32cubeide/plugins/com.st.stm32cube.ide.mcu.externaltools.gnu-tools-for-stm32.10.3-2021.10.win32_1.0.0.202111181127/tools/bin/../lib/gcc/arm-none-eabi/10.3.1/../../../../arm-none-eabi/lib/thumb/v7e-m+dp/hard\libc_nano.a(lib_a-findfp.o)
                0x000000000800aeac                __sfmoreglue
 .text.__sfp_lock_acquire
                0x000000000800aed8        0xc c:/st/stm32cubeide_1.10.1/stm32cubeide/plugins/com.st.stm32cube.ide.mcu.externaltools.gnu-tools-for-stm32.10.3-2021.10.win32_1.0.0.202111181127/tools/bin/../lib/gcc/arm-none-eabi/10.3.1/../../../../arm-none-eabi/lib/thumb/v7e-m+dp/hard\libc_nano.a(lib_a-findfp.o)
                0x000000000800aed8                __sfp_lock_acquire
 .text.__sfp_lock_release
                0x000000000800aee4        0xc c:/st/stm32cubeide_1.10.1/stm32cubeide/plugins/com.st.stm32cube.ide.mcu.externaltools.gnu-tools-for-stm32.10.3-2021.10.win32_1.0.0.202111181127/tools/bin/../lib/gcc/arm-none-eabi/10.3.1/../../../../arm-none-eabi/lib/thumb/v7e-m+dp/hard\libc_nano.a(lib_a-findfp.o)
                0x000000000800aee4                __sfp_lock_release
 .text.__sinit_lock_acquire
                0x000000000800aef0        0xc c:/st/stm32cubeide_1.10.1/stm32cubeide/plugins/com.st.stm32cube.ide.mcu.externaltools.gnu-tools-for-stm32.10.3-2021.10.win32_1.0.0.202111181127/tools/bin/../lib/gcc/arm-none-eabi/10.3.1/../../../../arm-none-eabi/lib/thumb/v7e-m+dp/hard\libc_nano.a(lib_a-findfp.o)
                0x000000000800aef0                __sinit_lock_acquire
 .text.__sinit_lock_release
                0x000000000800aefc        0xc c:/st/stm32cubeide_1.10.1/stm32cubeide/plugins/com.st.stm32cube.ide.mcu.externaltools.gnu-tools-for-stm32.10.3-2021.10.win32_1.0.0.202111181127/tools/bin/../lib/gcc/arm-none-eabi/10.3.1/../../../../arm-none-eabi/lib/thumb/v7e-m+dp/hard\libc_nano.a(lib_a-findfp.o)
                0x000000000800aefc                __sinit_lock_release
 .text.__sinit  0x000000000800af08       0x70 c:/st/stm32cubeide_1.10.1/stm32cubeide/plugins/com.st.stm32cube.ide.mcu.externaltools.gnu-tools-for-stm32.10.3-2021.10.win32_1.0.0.202111181127/tools/bin/../lib/gcc/arm-none-eabi/10.3.1/../../../../arm-none-eabi/lib/thumb/v7e-m+dp/hard\libc_nano.a(lib_a-findfp.o)
                0x000000000800af08                __sinit
 .text.__sfp    0x000000000800af78       0x8c c:/st/stm32cubeide_1.10.1/stm32cubeide/plugins/com.st.stm32cube.ide.mcu.externaltools.gnu-tools-for-stm32.10.3-2021.10.win32_1.0.0.202111181127/tools/bin/../lib/gcc/arm-none-eabi/10.3.1/../../../../arm-none-eabi/lib/thumb/v7e-m+dp/hard\libc_nano.a(lib_a-findfp.o)
                0x000000000800af78                __sfp
 .text._fwalk_reent
                0x000000000800b004       0x3e c:/st/stm32cubeide_1.10.1/stm32cubeide/plugins/com.st.stm32cube.ide.mcu.externaltools.gnu-tools-for-stm32.10.3-2021.10.win32_1.0.0.202111181127/tools/bin/../lib/gcc/arm-none-eabi/10.3.1/../../../../arm-none-eabi/lib/thumb/v7e-m+dp/hard\libc_nano.a(lib_a-fwalk.o)
                0x000000000800b004                _fwalk_reent
 .text.__retarget_lock_init_recursive
                0x000000000800b042        0x2 c:/st/stm32cubeide_1.10.1/stm32cubeide/plugins/com.st.stm32cube.ide.mcu.externaltools.gnu-tools-for-stm32.10.3-2021.10.win32_1.0.0.202111181127/tools/bin/../lib/gcc/arm-none-eabi/10.3.1/../../../../arm-none-eabi/lib/thumb/v7e-m+dp/hard\libc_nano.a(lib_a-lock.o)
                0x000000000800b042                __retarget_lock_init_recursive
 .text.__retarget_lock_acquire_recursive
                0x000000000800b044        0x2 c:/st/stm32cubeide_1.10.1/stm32cubeide/plugins/com.st.stm32cube.ide.mcu.externaltools.gnu-tools-for-stm32.10.3-2021.10.win32_1.0.0.202111181127/tools/bin/../lib/gcc/arm-none-eabi/10.3.1/../../../../arm-none-eabi/lib/thumb/v7e-m+dp/hard\libc_nano.a(lib_a-lock.o)
                0x000000000800b044                __retarget_lock_acquire_recursive
 .text.__retarget_lock_release_recursive
                0x000000000800b046        0x2 c:/st/stm32cubeide_1.10.1/stm32cubeide/plugins/com.st.stm32cube.ide.mcu.externaltools.gnu-tools-for-stm32.10.3-2021.10.win32_1.0.0.202111181127/tools/bin/../lib/gcc/arm-none-eabi/10.3.1/../../../../arm-none-eabi/lib/thumb/v7e-m+dp/hard\libc_nano.a(lib_a-lock.o)
                0x000000000800b046                __retarget_lock_release_recursive
 .text.__swhatbuf_r
                0x000000000800b048       0x4a c:/st/stm32cubeide_1.10.1/stm32cubeide/plugins/com.st.stm32cube.ide.mcu.externaltools.gnu-tools-for-stm32.10.3-2021.10.win32_1.0.0.202111181127/tools/bin/../lib/gcc/arm-none-eabi/10.3.1/../../../../arm-none-eabi/lib/thumb/v7e-m+dp/hard\libc_nano.a(lib_a-makebuf.o)
                0x000000000800b048                __swhatbuf_r
 *fill*         0x000000000800b092        0x2 
 .text.__smakebuf_r
                0x000000000800b094       0x80 c:/st/stm32cubeide_1.10.1/stm32cubeide/plugins/com.st.stm32cube.ide.mcu.externaltools.gnu-tools-for-stm32.10.3-2021.10.win32_1.0.0.202111181127/tools/bin/../lib/gcc/arm-none-eabi/10.3.1/../../../../arm-none-eabi/lib/thumb/v7e-m+dp/hard\libc_nano.a(lib_a-makebuf.o)
                0x000000000800b094                __smakebuf_r
 .text.__ascii_mbtowc
                0x000000000800b114       0x24 c:/st/stm32cubeide_1.10.1/stm32cubeide/plugins/com.st.stm32cube.ide.mcu.externaltools.gnu-tools-for-stm32.10.3-2021.10.win32_1.0.0.202111181127/tools/bin/../lib/gcc/arm-none-eabi/10.3.1/../../../../arm-none-eabi/lib/thumb/v7e-m+dp/hard\libc_nano.a(lib_a-mbtowc_r.o)
                0x000000000800b114                __ascii_mbtowc
 .text.memmove  0x000000000800b138       0x34 c:/st/stm32cubeide_1.10.1/stm32cubeide/plugins/com.st.stm32cube.ide.mcu.externaltools.gnu-tools-for-stm32.10.3-2021.10.win32_1.0.0.202111181127/tools/bin/../lib/gcc/arm-none-eabi/10.3.1/../../../../arm-none-eabi/lib/thumb/v7e-m+dp/hard\libc_nano.a(lib_a-memmove.o)
                0x000000000800b138                memmove
 .text.__malloc_lock
                0x000000000800b16c        0xc c:/st/stm32cubeide_1.10.1/stm32cubeide/plugins/com.st.stm32cube.ide.mcu.externaltools.gnu-tools-for-stm32.10.3-2021.10.win32_1.0.0.202111181127/tools/bin/../lib/gcc/arm-none-eabi/10.3.1/../../../../arm-none-eabi/lib/thumb/v7e-m+dp/hard\libc_nano.a(lib_a-mlock.o)
                0x000000000800b16c                __malloc_lock
 .text.__malloc_unlock
                0x000000000800b178        0xc c:/st/stm32cubeide_1.10.1/stm32cubeide/plugins/com.st.stm32cube.ide.mcu.externaltools.gnu-tools-for-stm32.10.3-2021.10.win32_1.0.0.202111181127/tools/bin/../lib/gcc/arm-none-eabi/10.3.1/../../../../arm-none-eabi/lib/thumb/v7e-m+dp/hard\libc_nano.a(lib_a-mlock.o)
                0x000000000800b178                __malloc_unlock
 .text._realloc_r
                0x000000000800b184       0x5e c:/st/stm32cubeide_1.10.1/stm32cubeide/plugins/com.st.stm32cube.ide.mcu.externaltools.gnu-tools-for-stm32.10.3-2021.10.win32_1.0.0.202111181127/tools/bin/../lib/gcc/arm-none-eabi/10.3.1/../../../../arm-none-eabi/lib/thumb/v7e-m+dp/hard\libc_nano.a(lib_a-nano-reallocr.o)
                0x000000000800b184                _realloc_r
 .text._raise_r
                0x000000000800b1e2       0x50 c:/st/stm32cubeide_1.10.1/stm32cubeide/plugins/com.st.stm32cube.ide.mcu.externaltools.gnu-tools-for-stm32.10.3-2021.10.win32_1.0.0.202111181127/tools/bin/../lib/gcc/arm-none-eabi/10.3.1/../../../../arm-none-eabi/lib/thumb/v7e-m+dp/hard\libc_nano.a(lib_a-signal.o)
                0x000000000800b1e2                _raise_r
 *fill*         0x000000000800b232        0x2 
 .text.raise    0x000000000800b234       0x10 c:/st/stm32cubeide_1.10.1/stm32cubeide/plugins/com.st.stm32cube.ide.mcu.externaltools.gnu-tools-for-stm32.10.3-2021.10.win32_1.0.0.202111181127/tools/bin/../lib/gcc/arm-none-eabi/10.3.1/../../../../arm-none-eabi/lib/thumb/v7e-m+dp/hard\libc_nano.a(lib_a-signal.o)
                0x000000000800b234                raise
 .text._kill_r  0x000000000800b244       0x24 c:/st/stm32cubeide_1.10.1/stm32cubeide/plugins/com.st.stm32cube.ide.mcu.externaltools.gnu-tools-for-stm32.10.3-2021.10.win32_1.0.0.202111181127/tools/bin/../lib/gcc/arm-none-eabi/10.3.1/../../../../arm-none-eabi/lib/thumb/v7e-m+dp/hard\libc_nano.a(lib_a-signalr.o)
                0x000000000800b244                _kill_r
 .text._getpid_r
                0x000000000800b268        0x4 c:/st/stm32cubeide_1.10.1/stm32cubeide/plugins/com.st.stm32cube.ide.mcu.externaltools.gnu-tools-for-stm32.10.3-2021.10.win32_1.0.0.202111181127/tools/bin/../lib/gcc/arm-none-eabi/10.3.1/../../../../arm-none-eabi/lib/thumb/v7e-m+dp/hard\libc_nano.a(lib_a-signalr.o)
                0x000000000800b268                _getpid_r
 .text.__sread  0x000000000800b26c       0x22 c:/st/stm32cubeide_1.10.1/stm32cubeide/plugins/com.st.stm32cube.ide.mcu.externaltools.gnu-tools-for-stm32.10.3-2021.10.win32_1.0.0.202111181127/tools/bin/../lib/gcc/arm-none-eabi/10.3.1/../../../../arm-none-eabi/lib/thumb/v7e-m+dp/hard\libc_nano.a(lib_a-stdio.o)
                0x000000000800b26c                __sread
 .text.__swrite
                0x000000000800b28e       0x38 c:/st/stm32cubeide_1.10.1/stm32cubeide/plugins/com.st.stm32cube.ide.mcu.externaltools.gnu-tools-for-stm32.10.3-2021.10.win32_1.0.0.202111181127/tools/bin/../lib/gcc/arm-none-eabi/10.3.1/../../../../arm-none-eabi/lib/thumb/v7e-m+dp/hard\libc_nano.a(lib_a-stdio.o)
                0x000000000800b28e                __swrite
 .text.__sseek  0x000000000800b2c6       0x24 c:/st/stm32cubeide_1.10.1/stm32cubeide/plugins/com.st.stm32cube.ide.mcu.externaltools.gnu-tools-for-stm32.10.3-2021.10.win32_1.0.0.202111181127/tools/bin/../lib/gcc/arm-none-eabi/10.3.1/../../../../arm-none-eabi/lib/thumb/v7e-m+dp/hard\libc_nano.a(lib_a-stdio.o)
                0x000000000800b2c6                __sseek
 .text.__sclose
                0x000000000800b2ea        0x8 c:/st/stm32cubeide_1.10.1/stm32cubeide/plugins/com.st.stm32cube.ide.mcu.externaltools.gnu-tools-for-stm32.10.3-2021.10.win32_1.0.0.202111181127/tools/bin/../lib/gcc/arm-none-eabi/10.3.1/../../../../arm-none-eabi/lib/thumb/v7e-m+dp/hard\libc_nano.a(lib_a-stdio.o)
                0x000000000800b2ea                __sclose
 .text.__ascii_wctomb
                0x000000000800b2f2       0x1a c:/st/stm32cubeide_1.10.1/stm32cubeide/plugins/com.st.stm32cube.ide.mcu.externaltools.gnu-tools-for-stm32.10.3-2021.10.win32_1.0.0.202111181127/tools/bin/../lib/gcc/arm-none-eabi/10.3.1/../../../../arm-none-eabi/lib/thumb/v7e-m+dp/hard\libc_nano.a(lib_a-wctomb_r.o)
                0x000000000800b2f2                __ascii_wctomb
 .text._write_r
                0x000000000800b30c       0x24 c:/st/stm32cubeide_1.10.1/stm32cubeide/plugins/com.st.stm32cube.ide.mcu.externaltools.gnu-tools-for-stm32.10.3-2021.10.win32_1.0.0.202111181127/tools/bin/../lib/gcc/arm-none-eabi/10.3.1/../../../../arm-none-eabi/lib/thumb/v7e-m+dp/hard\libc_nano.a(lib_a-writer.o)
                0x000000000800b30c                _write_r
 .text._close_r
                0x000000000800b330       0x20 c:/st/stm32cubeide_1.10.1/stm32cubeide/plugins/com.st.stm32cube.ide.mcu.externaltools.gnu-tools-for-stm32.10.3-2021.10.win32_1.0.0.202111181127/tools/bin/../lib/gcc/arm-none-eabi/10.3.1/../../../../arm-none-eabi/lib/thumb/v7e-m+dp/hard\libc_nano.a(lib_a-closer.o)
                0x000000000800b330                _close_r
 .text._fstat_r
                0x000000000800b350       0x24 c:/st/stm32cubeide_1.10.1/stm32cubeide/plugins/com.st.stm32cube.ide.mcu.externaltools.gnu-tools-for-stm32.10.3-2021.10.win32_1.0.0.202111181127/tools/bin/../lib/gcc/arm-none-eabi/10.3.1/../../../../arm-none-eabi/lib/thumb/v7e-m+dp/hard\libc_nano.a(lib_a-fstatr.o)
                0x000000000800b350                _fstat_r
 .text._isatty_r
                0x000000000800b374       0x20 c:/st/stm32cubeide_1.10.1/stm32cubeide/plugins/com.st.stm32cube.ide.mcu.externaltools.gnu-tools-for-stm32.10.3-2021.10.win32_1.0.0.202111181127/tools/bin/../lib/gcc/arm-none-eabi/10.3.1/../../../../arm-none-eabi/lib/thumb/v7e-m+dp/hard\libc_nano.a(lib_a-isattyr.o)
                0x000000000800b374                _isatty_r
 .text._lseek_r
                0x000000000800b394       0x24 c:/st/stm32cubeide_1.10.1/stm32cubeide/plugins/com.st.stm32cube.ide.mcu.externaltools.gnu-tools-for-stm32.10.3-2021.10.win32_1.0.0.202111181127/tools/bin/../lib/gcc/arm-none-eabi/10.3.1/../../../../arm-none-eabi/lib/thumb/v7e-m+dp/hard\libc_nano.a(lib_a-lseekr.o)
                0x000000000800b394                _lseek_r
 .text._malloc_usable_size_r
                0x000000000800b3b8       0x10 c:/st/stm32cubeide_1.10.1/stm32cubeide/plugins/com.st.stm32cube.ide.mcu.externaltools.gnu-tools-for-stm32.10.3-2021.10.win32_1.0.0.202111181127/tools/bin/../lib/gcc/arm-none-eabi/10.3.1/../../../../arm-none-eabi/lib/thumb/v7e-m+dp/hard\libc_nano.a(lib_a-nano-msizer.o)
                0x000000000800b3b8                _malloc_usable_size_r
 .text._read_r  0x000000000800b3c8       0x24 c:/st/stm32cubeide_1.10.1/stm32cubeide/plugins/com.st.stm32cube.ide.mcu.externaltools.gnu-tools-for-stm32.10.3-2021.10.win32_1.0.0.202111181127/tools/bin/../lib/gcc/arm-none-eabi/10.3.1/../../../../arm-none-eabi/lib/thumb/v7e-m+dp/hard\libc_nano.a(lib_a-readr.o)
                0x000000000800b3c8                _read_r
 *(.glue_7)
 .glue_7        0x000000000800b3ec        0x0 linker stubs
 *(.glue_7t)
 .glue_7t       0x000000000800b3ec        0x0 linker stubs
 *(.eh_frame)
 .eh_frame      0x000000000800b3ec        0x0 c:/st/stm32cubeide_1.10.1/stm32cubeide/plugins/com.st.stm32cube.ide.mcu.externaltools.gnu-tools-for-stm32.10.3-2021.10.win32_1.0.0.202111181127/tools/bin/../lib/gcc/arm-none-eabi/10.3.1/thumb/v7e-m+dp/hard/crtbegin.o
 *(.init)
 .init          0x000000000800b3ec        0x4 c:/st/stm32cubeide_1.10.1/stm32cubeide/plugins/com.st.stm32cube.ide.mcu.externaltools.gnu-tools-for-stm32.10.3-2021.10.win32_1.0.0.202111181127/tools/bin/../lib/gcc/arm-none-eabi/10.3.1/thumb/v7e-m+dp/hard/crti.o
                0x000000000800b3ec                _init
 .init          0x000000000800b3f0        0x8 c:/st/stm32cubeide_1.10.1/stm32cubeide/plugins/com.st.stm32cube.ide.mcu.externaltools.gnu-tools-for-stm32.10.3-2021.10.win32_1.0.0.202111181127/tools/bin/../lib/gcc/arm-none-eabi/10.3.1/thumb/v7e-m+dp/hard/crtn.o
 *(.fini)
 .fini          0x000000000800b3f8        0x4 c:/st/stm32cubeide_1.10.1/stm32cubeide/plugins/com.st.stm32cube.ide.mcu.externaltools.gnu-tools-for-stm32.10.3-2021.10.win32_1.0.0.202111181127/tools/bin/../lib/gcc/arm-none-eabi/10.3.1/thumb/v7e-m+dp/hard/crti.o
                0x000000000800b3f8                _fini
 .fini          0x000000000800b3fc        0x8 c:/st/stm32cubeide_1.10.1/stm32cubeide/plugins/com.st.stm32cube.ide.mcu.externaltools.gnu-tools-for-stm32.10.3-2021.10.win32_1.0.0.202111181127/tools/bin/../lib/gcc/arm-none-eabi/10.3.1/thumb/v7e-m+dp/hard/crtn.o
                0x000000000800b404                . = ALIGN (0x4)
                0x000000000800b404                _etext = .

.vfp11_veneer   0x000000000800b404        0x0
 .vfp11_veneer  0x000000000800b404        0x0 linker stubs

.v4_bx          0x000000000800b404        0x0
 .v4_bx         0x000000000800b404        0x0 linker stubs

.iplt           0x000000000800b404        0x0
 .iplt          0x000000000800b404        0x0 c:/st/stm32cubeide_1.10.1/stm32cubeide/plugins/com.st.stm32cube.ide.mcu.externaltools.gnu-tools-for-stm32.10.3-2021.10.win32_1.0.0.202111181127/tools/bin/../lib/gcc/arm-none-eabi/10.3.1/thumb/v7e-m+dp/hard/crtbegin.o

.rodata         0x000000000800b408     0x14bc
                0x000000000800b408                . = ALIGN (0x4)
 *(.rodata)
 .rodata        0x000000000800b408       0xb8 ./Core/Src/main.o
 *(.rodata*)
 .rodata.blank_40
                0x000000000800b4c0       0x50 ./Core/Src/main.o
                0x000000000800b4c0                blank_40
 .rodata.blank_400
                0x000000000800b510      0x320 ./Core/Src/main.o
                0x000000000800b510                blank_400
 .rodata.fire   0x000000000800b830       0x50 ./Core/Src/main.o
                0x000000000800b830                fire
 .rodata.monster_1
                0x000000000800b880      0x320 ./Core/Src/main.o
                0x000000000800b880                monster_1
 .rodata.monster_2
                0x000000000800bba0      0x320 ./Core/Src/main.o
                0x000000000800bba0                monster_2
 .rodata.spaceship
                0x000000000800bec0      0x320 ./Core/Src/main.o
                0x000000000800bec0                spaceship
 .rodata.monsters_fire
                0x000000000800c1e0       0x50 ./Core/Src/main.o
                0x000000000800c1e0                monsters_fire
 .rodata.AHBPrescTable
                0x000000000800c230       0x10 ./Core/Src/system_stm32f7xx.o
                0x000000000800c230                AHBPrescTable
 .rodata.APBPrescTable
                0x000000000800c240        0x8 ./Core/Src/system_stm32f7xx.o
                0x000000000800c240                APBPrescTable
 .rodata.font   0x000000000800c248      0x240 ./Drivers/ILI9341/ILI9341_GFX.o
 .rodata._global_impure_ptr
                0x000000000800c488        0x4 c:/st/stm32cubeide_1.10.1/stm32cubeide/plugins/com.st.stm32cube.ide.mcu.externaltools.gnu-tools-for-stm32.10.3-2021.10.win32_1.0.0.202111181127/tools/bin/../lib/gcc/arm-none-eabi/10.3.1/../../../../arm-none-eabi/lib/thumb/v7e-m+dp/hard\libc_nano.a(lib_a-impure.o)
                0x000000000800c488                _global_impure_ptr
 .rodata._printf_float.str1.1
                0x000000000800c48c       0x12 c:/st/stm32cubeide_1.10.1/stm32cubeide/plugins/com.st.stm32cube.ide.mcu.externaltools.gnu-tools-for-stm32.10.3-2021.10.win32_1.0.0.202111181127/tools/bin/../lib/gcc/arm-none-eabi/10.3.1/../../../../arm-none-eabi/lib/thumb/v7e-m+dp/hard\libc_nano.a(lib_a-nano-vfprintf_float.o)
 .rodata._printf_i.str1.1
                0x000000000800c49e       0x22 c:/st/stm32cubeide_1.10.1/stm32cubeide/plugins/com.st.stm32cube.ide.mcu.externaltools.gnu-tools-for-stm32.10.3-2021.10.win32_1.0.0.202111181127/tools/bin/../lib/gcc/arm-none-eabi/10.3.1/../../../../arm-none-eabi/lib/thumb/v7e-m+dp/hard\libc_nano.a(lib_a-nano-vfprintf_i.o)
 .rodata.srand.str1.1
                0x000000000800c4c0       0x72 c:/st/stm32cubeide_1.10.1/stm32cubeide/plugins/com.st.stm32cube.ide.mcu.externaltools.gnu-tools-for-stm32.10.3-2021.10.win32_1.0.0.202111181127/tools/bin/../lib/gcc/arm-none-eabi/10.3.1/../../../../arm-none-eabi/lib/thumb/v7e-m+dp/hard\libc_nano.a(lib_a-rand.o)
 .rodata.__assert_func.str1.1
                0x000000000800c532       0x3c c:/st/stm32cubeide_1.10.1/stm32cubeide/plugins/com.st.stm32cube.ide.mcu.externaltools.gnu-tools-for-stm32.10.3-2021.10.win32_1.0.0.202111181127/tools/bin/../lib/gcc/arm-none-eabi/10.3.1/../../../../arm-none-eabi/lib/thumb/v7e-m+dp/hard\libc_nano.a(lib_a-assert.o)
                                         0x3d (size before relaxing)
 .rodata._dtoa_r.str1.1
                0x000000000800c56e       0x79 c:/st/stm32cubeide_1.10.1/stm32cubeide/plugins/com.st.stm32cube.ide.mcu.externaltools.gnu-tools-for-stm32.10.3-2021.10.win32_1.0.0.202111181127/tools/bin/../lib/gcc/arm-none-eabi/10.3.1/../../../../arm-none-eabi/lib/thumb/v7e-m+dp/hard\libc_nano.a(lib_a-dtoa.o)
                                         0x92 (size before relaxing)
 .rodata._Balloc.str1.1
                0x000000000800c5e7       0x5c c:/st/stm32cubeide_1.10.1/stm32cubeide/plugins/com.st.stm32cube.ide.mcu.externaltools.gnu-tools-for-stm32.10.3-2021.10.win32_1.0.0.202111181127/tools/bin/../lib/gcc/arm-none-eabi/10.3.1/../../../../arm-none-eabi/lib/thumb/v7e-m+dp/hard\libc_nano.a(lib_a-mprec.o)
                                         0x73 (size before relaxing)
 .rodata.__multadd.str1.1
                0x000000000800c643       0x11 c:/st/stm32cubeide_1.10.1/stm32cubeide/plugins/com.st.stm32cube.ide.mcu.externaltools.gnu-tools-for-stm32.10.3-2021.10.win32_1.0.0.202111181127/tools/bin/../lib/gcc/arm-none-eabi/10.3.1/../../../../arm-none-eabi/lib/thumb/v7e-m+dp/hard\libc_nano.a(lib_a-mprec.o)
 *fill*         0x000000000800c643        0x5 
 .rodata.__mprec_bigtens
                0x000000000800c648       0x28 c:/st/stm32cubeide_1.10.1/stm32cubeide/plugins/com.st.stm32cube.ide.mcu.externaltools.gnu-tools-for-stm32.10.3-2021.10.win32_1.0.0.202111181127/tools/bin/../lib/gcc/arm-none-eabi/10.3.1/../../../../arm-none-eabi/lib/thumb/v7e-m+dp/hard\libc_nano.a(lib_a-mprec.o)
                0x000000000800c648                __mprec_bigtens
 .rodata.__mprec_tens
                0x000000000800c670       0xc8 c:/st/stm32cubeide_1.10.1/stm32cubeide/plugins/com.st.stm32cube.ide.mcu.externaltools.gnu-tools-for-stm32.10.3-2021.10.win32_1.0.0.202111181127/tools/bin/../lib/gcc/arm-none-eabi/10.3.1/../../../../arm-none-eabi/lib/thumb/v7e-m+dp/hard\libc_nano.a(lib_a-mprec.o)
                0x000000000800c670                __mprec_tens
 .rodata.p05.0  0x000000000800c738        0xc c:/st/stm32cubeide_1.10.1/stm32cubeide/plugins/com.st.stm32cube.ide.mcu.externaltools.gnu-tools-for-stm32.10.3-2021.10.win32_1.0.0.202111181127/tools/bin/../lib/gcc/arm-none-eabi/10.3.1/../../../../arm-none-eabi/lib/thumb/v7e-m+dp/hard\libc_nano.a(lib_a-mprec.o)
 .rodata._svfprintf_r.str1.1
                0x000000000800c744       0x11 c:/st/stm32cubeide_1.10.1/stm32cubeide/plugins/com.st.stm32cube.ide.mcu.externaltools.gnu-tools-for-stm32.10.3-2021.10.win32_1.0.0.202111181127/tools/bin/../lib/gcc/arm-none-eabi/10.3.1/../../../../arm-none-eabi/lib/thumb/v7e-m+dp/hard\libc_nano.a(lib_a-nano-svfprintf.o)
 .rodata._vfprintf_r.str1.1
                0x000000000800c755       0x11 c:/st/stm32cubeide_1.10.1/stm32cubeide/plugins/com.st.stm32cube.ide.mcu.externaltools.gnu-tools-for-stm32.10.3-2021.10.win32_1.0.0.202111181127/tools/bin/../lib/gcc/arm-none-eabi/10.3.1/../../../../arm-none-eabi/lib/thumb/v7e-m+dp/hard\libc_nano.a(lib_a-nano-vfprintf.o)
 *fill*         0x000000000800c755        0x3 
 .rodata.__sf_fake_stderr
                0x000000000800c758       0x20 c:/st/stm32cubeide_1.10.1/stm32cubeide/plugins/com.st.stm32cube.ide.mcu.externaltools.gnu-tools-for-stm32.10.3-2021.10.win32_1.0.0.202111181127/tools/bin/../lib/gcc/arm-none-eabi/10.3.1/../../../../arm-none-eabi/lib/thumb/v7e-m+dp/hard\libc_nano.a(lib_a-findfp.o)
                0x000000000800c758                __sf_fake_stderr
 .rodata.__sf_fake_stdin
                0x000000000800c778       0x20 c:/st/stm32cubeide_1.10.1/stm32cubeide/plugins/com.st.stm32cube.ide.mcu.externaltools.gnu-tools-for-stm32.10.3-2021.10.win32_1.0.0.202111181127/tools/bin/../lib/gcc/arm-none-eabi/10.3.1/../../../../arm-none-eabi/lib/thumb/v7e-m+dp/hard\libc_nano.a(lib_a-findfp.o)
                0x000000000800c778                __sf_fake_stdin
 .rodata.__sf_fake_stdout
                0x000000000800c798       0x20 c:/st/stm32cubeide_1.10.1/stm32cubeide/plugins/com.st.stm32cube.ide.mcu.externaltools.gnu-tools-for-stm32.10.3-2021.10.win32_1.0.0.202111181127/tools/bin/../lib/gcc/arm-none-eabi/10.3.1/../../../../arm-none-eabi/lib/thumb/v7e-m+dp/hard\libc_nano.a(lib_a-findfp.o)
                0x000000000800c798                __sf_fake_stdout
 .rodata._setlocale_r.str1.1
                0x000000000800c7b8        0x8 c:/st/stm32cubeide_1.10.1/stm32cubeide/plugins/com.st.stm32cube.ide.mcu.externaltools.gnu-tools-for-stm32.10.3-2021.10.win32_1.0.0.202111181127/tools/bin/../lib/gcc/arm-none-eabi/10.3.1/../../../../arm-none-eabi/lib/thumb/v7e-m+dp/hard\libc_nano.a(lib_a-locale.o)
                                          0x9 (size before relaxing)
 .rodata.str1.1
                0x000000000800c7c0        0x2 c:/st/stm32cubeide_1.10.1/stm32cubeide/plugins/com.st.stm32cube.ide.mcu.externaltools.gnu-tools-for-stm32.10.3-2021.10.win32_1.0.0.202111181127/tools/bin/../lib/gcc/arm-none-eabi/10.3.1/../../../../arm-none-eabi/lib/thumb/v7e-m+dp/hard\libc_nano.a(lib_a-locale.o)
 .rodata._ctype_
                0x000000000800c7c2      0x101 c:/st/stm32cubeide_1.10.1/stm32cubeide/plugins/com.st.stm32cube.ide.mcu.externaltools.gnu-tools-for-stm32.10.3-2021.10.win32_1.0.0.202111181127/tools/bin/../lib/gcc/arm-none-eabi/10.3.1/../../../../arm-none-eabi/lib/thumb/v7e-m+dp/hard\libc_nano.a(lib_a-ctype_.o)
                0x000000000800c7c2                _ctype_
                0x000000000800c8c4                . = ALIGN (0x4)
 *fill*         0x000000000800c8c3        0x1 

.ARM.extab      0x000000000800c8c4        0x0
                0x000000000800c8c4                . = ALIGN (0x4)
 *(.ARM.extab* .gnu.linkonce.armextab.*)
                0x000000000800c8c4                . = ALIGN (0x4)

.ARM            0x000000000800c8c4        0x8
                0x000000000800c8c4                . = ALIGN (0x4)
                0x000000000800c8c4                __exidx_start = .
 *(.ARM.exidx*)
 .ARM.exidx     0x000000000800c8c4        0x8 c:/st/stm32cubeide_1.10.1/stm32cubeide/plugins/com.st.stm32cube.ide.mcu.externaltools.gnu-tools-for-stm32.10.3-2021.10.win32_1.0.0.202111181127/tools/bin/../lib/gcc/arm-none-eabi/10.3.1/thumb/v7e-m+dp/hard\libgcc.a(_udivmoddi4.o)
                0x000000000800c8cc                __exidx_end = .
                0x000000000800c8cc                . = ALIGN (0x4)

.rel.dyn        0x000000000800c8cc        0x0
 .rel.iplt      0x000000000800c8cc        0x0 c:/st/stm32cubeide_1.10.1/stm32cubeide/plugins/com.st.stm32cube.ide.mcu.externaltools.gnu-tools-for-stm32.10.3-2021.10.win32_1.0.0.202111181127/tools/bin/../lib/gcc/arm-none-eabi/10.3.1/thumb/v7e-m+dp/hard/crtbegin.o

.preinit_array  0x000000000800c8cc        0x0
                0x000000000800c8cc                . = ALIGN (0x4)
                0x000000000800c8cc                PROVIDE (__preinit_array_start = .)
 *(.preinit_array*)
                0x000000000800c8cc                PROVIDE (__preinit_array_end = .)
                0x000000000800c8cc                . = ALIGN (0x4)

.init_array     0x000000000800c8cc        0x4
                0x000000000800c8cc                . = ALIGN (0x4)
                0x000000000800c8cc                PROVIDE (__init_array_start = .)
 *(SORT_BY_NAME(.init_array.*))
 *(.init_array*)
 .init_array    0x000000000800c8cc        0x4 c:/st/stm32cubeide_1.10.1/stm32cubeide/plugins/com.st.stm32cube.ide.mcu.externaltools.gnu-tools-for-stm32.10.3-2021.10.win32_1.0.0.202111181127/tools/bin/../lib/gcc/arm-none-eabi/10.3.1/thumb/v7e-m+dp/hard/crtbegin.o
                0x000000000800c8d0                PROVIDE (__init_array_end = .)
                0x000000000800c8d0                . = ALIGN (0x4)

.fini_array     0x000000000800c8d0        0x4
                0x000000000800c8d0                . = ALIGN (0x4)
                [!provide]                        PROVIDE (__fini_array_start = .)
 *(SORT_BY_NAME(.fini_array.*))
 *(.fini_array*)
 .fini_array    0x000000000800c8d0        0x4 c:/st/stm32cubeide_1.10.1/stm32cubeide/plugins/com.st.stm32cube.ide.mcu.externaltools.gnu-tools-for-stm32.10.3-2021.10.win32_1.0.0.202111181127/tools/bin/../lib/gcc/arm-none-eabi/10.3.1/thumb/v7e-m+dp/hard/crtbegin.o
                [!provide]                        PROVIDE (__fini_array_end = .)
                0x000000000800c8d4                . = ALIGN (0x4)
                0x000000000800c8d4                _sidata = LOADADDR (.data)

.data           0x0000000020000000      0x230 load address 0x000000000800c8d4
                0x0000000020000000                . = ALIGN (0x4)
                0x0000000020000000                _sdata = .
 *(.data)
 *(.data*)
 .data.posXmonster
                0x0000000020000000        0xe ./Core/Src/main.o
                0x0000000020000000                posXmonster
 *fill*         0x000000002000000e        0x2 
 .data.posYmonster
                0x0000000020000010        0xe ./Core/Src/main.o
                0x0000000020000010                posYmonster
 .data.initMenu
                0x000000002000001e        0x2 ./Core/Src/main.o
                0x000000002000001e                initMenu
 .data.text     0x0000000020000020       0x1a ./Core/Src/main.o
                0x0000000020000020                text
 *fill*         0x000000002000003a        0x2 
 .data.indexdefault
                0x000000002000003c       0x14 ./Core/Src/main.o
                0x000000002000003c                indexdefault
 .data.SystemCoreClock
                0x0000000020000050        0x4 ./Core/Src/system_stm32f7xx.o
                0x0000000020000050                SystemCoreClock
 .data.LCD_HEIGHT
                0x0000000020000054        0x2 ./Drivers/ILI9341/ILI9341_STM32_Driver.o
                0x0000000020000054                LCD_HEIGHT
 .data.LCD_WIDTH
                0x0000000020000056        0x2 ./Drivers/ILI9341/ILI9341_STM32_Driver.o
                0x0000000020000056                LCD_WIDTH
 .data.uwTickPrio
                0x0000000020000058        0x4 ./Drivers/STM32F7xx_HAL_Driver/Src/stm32f7xx_hal.o
                0x0000000020000058                uwTickPrio
 .data.uwTickFreq
                0x000000002000005c        0x1 ./Drivers/STM32F7xx_HAL_Driver/Src/stm32f7xx_hal.o
                0x000000002000005c                uwTickFreq
 *fill*         0x000000002000005d        0x3 
 .data._impure_ptr
                0x0000000020000060        0x4 c:/st/stm32cubeide_1.10.1/stm32cubeide/plugins/com.st.stm32cube.ide.mcu.externaltools.gnu-tools-for-stm32.10.3-2021.10.win32_1.0.0.202111181127/tools/bin/../lib/gcc/arm-none-eabi/10.3.1/../../../../arm-none-eabi/lib/thumb/v7e-m+dp/hard\libc_nano.a(lib_a-impure.o)
                0x0000000020000060                _impure_ptr
 .data.impure_data
                0x0000000020000064       0x60 c:/st/stm32cubeide_1.10.1/stm32cubeide/plugins/com.st.stm32cube.ide.mcu.externaltools.gnu-tools-for-stm32.10.3-2021.10.win32_1.0.0.202111181127/tools/bin/../lib/gcc/arm-none-eabi/10.3.1/../../../../arm-none-eabi/lib/thumb/v7e-m+dp/hard\libc_nano.a(lib_a-impure.o)
 .data.__global_locale
                0x00000000200000c4      0x16c c:/st/stm32cubeide_1.10.1/stm32cubeide/plugins/com.st.stm32cube.ide.mcu.externaltools.gnu-tools-for-stm32.10.3-2021.10.win32_1.0.0.202111181127/tools/bin/../lib/gcc/arm-none-eabi/10.3.1/../../../../arm-none-eabi/lib/thumb/v7e-m+dp/hard\libc_nano.a(lib_a-locale.o)
                0x00000000200000c4                __global_locale
 *(.RamFunc)
 *(.RamFunc*)
                0x0000000020000230                . = ALIGN (0x4)
                0x0000000020000230                _edata = .

.igot.plt       0x0000000020000230        0x0 load address 0x000000000800cb04
 .igot.plt      0x0000000020000230        0x0 c:/st/stm32cubeide_1.10.1/stm32cubeide/plugins/com.st.stm32cube.ide.mcu.externaltools.gnu-tools-for-stm32.10.3-2021.10.win32_1.0.0.202111181127/tools/bin/../lib/gcc/arm-none-eabi/10.3.1/thumb/v7e-m+dp/hard/crtbegin.o
                0x0000000020000230                . = ALIGN (0x4)

.bss            0x0000000020000230      0x388 load address 0x000000000800cb04
                0x0000000020000230                _sbss = .
                0x0000000020000230                __bss_start__ = _sbss
 *(.bss)
 .bss           0x0000000020000230       0x1c c:/st/stm32cubeide_1.10.1/stm32cubeide/plugins/com.st.stm32cube.ide.mcu.externaltools.gnu-tools-for-stm32.10.3-2021.10.win32_1.0.0.202111181127/tools/bin/../lib/gcc/arm-none-eabi/10.3.1/thumb/v7e-m+dp/hard/crtbegin.o
 *(.bss*)
 .bss.bytes_temp
                0x000000002000024c        0x4 ./Core/Src/EEPROM.o
                0x000000002000024c                bytes_temp
 .bss.hi2c1     0x0000000020000250       0x54 ./Core/Src/i2c.o
                0x0000000020000250                hi2c1
 .bss.stage     0x00000000200002a4        0x2 ./Core/Src/main.o
                0x00000000200002a4                stage
 .bss.posXspace
                0x00000000200002a6        0x2 ./Core/Src/main.o
                0x00000000200002a6                posXspace
 .bss.posYspace
                0x00000000200002a8        0x2 ./Core/Src/main.o
                0x00000000200002a8                posYspace
 .bss.posXbullet
                0x00000000200002aa        0x2 ./Core/Src/main.o
                0x00000000200002aa                posXbullet
 .bss.posYbullet
                0x00000000200002ac        0x2 ./Core/Src/main.o
                0x00000000200002ac                posYbullet
 .bss.bullet    0x00000000200002ae        0x2 ./Core/Src/main.o
                0x00000000200002ae                bullet
 .bss.checkbeep
                0x00000000200002b0        0x2 ./Core/Src/main.o
                0x00000000200002b0                checkbeep
 *fill*         0x00000000200002b2        0x2 
 .bss.monsterAvaliable
                0x00000000200002b4        0xe ./Core/Src/main.o
                0x00000000200002b4                monsterAvaliable
 *fill*         0x00000000200002c2        0x2 
 .bss.monsterType
                0x00000000200002c4        0xe ./Core/Src/main.o
                0x00000000200002c4                monsterType
 *fill*         0x00000000200002d2        0x2 