../Drivers/CMSIS/Include/core_cm7.h:2229:22:SCB_EnableICache	4	static,ignoring_inline_asm
../Drivers/CMSIS/Include/core_cm7.h:2281:22:SCB_EnableDCache	24	static,ignoring_inline_asm
../Core/Src/main.c:125:6:displayTime	48	static
../Core/Src/main.c:134:6:displayPlayerTime	48	static
../Core/Src/main.c:140:6:restart	16	static
../Core/Src/main.c:154:6:gamewin	56	static
../Core/Src/main.c:166:6:gamelose	56	static
../Core/Src/main.c:178:10:isOverlap	16	static
../Core/Src/main.c:186:6:setMonsterAvaliable	16	static
../Core/Src/main.c:196:6:setPosXMonster	16	static
../Core/Src/main.c:206:6:setMonterType	16	static
../Core/Src/main.c:216:6:resetMonsterBullet	4	static
../Core/Src/main.c:225:10:moveBullet	24	static
../Core/Src/main.c:239:10:moveMonsterBullet	24	static
../Core/Src/main.c:256:6:controlSpaceship	8	static
../Core/Src/main.c:289:5:CompareArrays	32	static
../Core/Src/main.c:317:5:main	272	static
../Core/Src/main.c:946:6:SystemClock_Config	88	static
../Core/Src/main.c:996:6:HAL_GPIO_EXTI_Callback	16	static
../Core/Src/main.c:1009:6:Error_Handler	4	static
